Jan 25 19:19:33 ubuntu-host kernel: [    0.000000] Initializing cgroup subsys cpuset
Jan 25 19:19:33 ubuntu-host kernel: [    0.000000] Initializing cgroup subsys cpu
Jan 25 19:19:33 ubuntu-host kernel: [    0.000000] Initializing cgroup subsys cpuacct
Jan 25 19:19:33 ubuntu-host kernel: [    0.000000] Linux version 3.13.0-24-generic (buildd@panlong) (gcc version 4.8.2 (Ubuntu 4.8.2-19ubuntu1) ) #46-Ubuntu SMP Thu Apr 10 19:11:08 UTC 2014 (Ubuntu 3.13.0-24.46-generic 3.13.9)
Jan 25 19:19:33 ubuntu-host kernel: [    0.000000] Command line: BOOT_IMAGE=/vmlinuz-3.13.0-24-generic root=/dev/mapper/ubuntu--host--vg-root ro
Jan 25 19:19:33 ubuntu-host kernel: [    0.000000] KERNEL supported cpus:
Jan 25 19:19:33 ubuntu-host kernel: [    0.000000]   Intel GenuineIntel
Jan 25 19:19:33 ubuntu-host kernel: [    0.000000]   AMD AuthenticAMD
Jan 25 19:19:33 ubuntu-host kernel: [    0.000000]   Centaur CentaurHauls
Jan 25 19:19:33 ubuntu-host kernel: [    0.000000] e820: BIOS-provided physical RAM map:
Jan 25 19:19:33 ubuntu-host kernel: [    0.000000] BIOS-e820: [mem 0x0000000000000000-0x000000000009fbff] usable
Jan 25 19:19:33 ubuntu-host kernel: [    0.000000] BIOS-e820: [mem 0x000000000009fc00-0x000000000009ffff] reserved
Jan 25 19:19:33 ubuntu-host kernel: [    0.000000] BIOS-e820: [mem 0x00000000000f0000-0x00000000000fffff] reserved
Jan 25 19:19:33 ubuntu-host kernel: [    0.000000] BIOS-e820: [mem 0x0000000000100000-0x000000003ffdffff] usable
Jan 25 19:19:33 ubuntu-host kernel: [    0.000000] BIOS-e820: [mem 0x000000003ffe0000-0x000000003fffffff] reserved
Jan 25 19:19:33 ubuntu-host kernel: [    0.000000] BIOS-e820: [mem 0x00000000feffc000-0x00000000feffffff] reserved
Jan 25 19:19:33 ubuntu-host kernel: [    0.000000] BIOS-e820: [mem 0x00000000fffc0000-0x00000000ffffffff] reserved
Jan 25 19:19:33 ubuntu-host kernel: [    0.000000] NX (Execute Disable) protection: active
Jan 25 19:19:33 ubuntu-host kernel: [    0.000000] SMBIOS 2.8 present.
Jan 25 19:19:33 ubuntu-host kernel: [    0.000000] DMI: QEMU Standard PC (i440FX + PIIX, 1996), BIOS rel-1.7.5-0-ge51488c-20140602_164612-nilsson.home.kraxel.org 04/01/2014
Jan 25 19:19:33 ubuntu-host kernel: [    0.000000] Hypervisor detected: KVM
Jan 25 19:19:33 ubuntu-host kernel: [    0.000000] e820: update [mem 0x00000000-0x00000fff] usable ==> reserved
Jan 25 19:19:33 ubuntu-host kernel: [    0.000000] e820: remove [mem 0x000a0000-0x000fffff] usable
Jan 25 19:19:33 ubuntu-host kernel: [    0.000000] No AGP bridge found
Jan 25 19:19:33 ubuntu-host kernel: [    0.000000] e820: last_pfn = 0x3ffe0 max_arch_pfn = 0x400000000
Jan 25 19:19:33 ubuntu-host kernel: [    0.000000] MTRR default type: write-back
Jan 25 19:19:33 ubuntu-host kernel: [    0.000000] MTRR fixed ranges enabled:
Jan 25 19:19:33 ubuntu-host kernel: [    0.000000]   00000-9FFFF write-back
Jan 25 19:19:33 ubuntu-host kernel: [    0.000000]   A0000-BFFFF uncachable
Jan 25 19:19:33 ubuntu-host kernel: [    0.000000]   C0000-FFFFF write-protect
Jan 25 19:19:33 ubuntu-host kernel: [    0.000000] MTRR variable ranges enabled:
Jan 25 19:19:33 ubuntu-host kernel: [    0.000000]   0 base 0080000000 mask FF80000000 uncachable
Jan 25 19:19:33 ubuntu-host kernel: [    0.000000]   1 disabled
Jan 25 19:19:33 ubuntu-host kernel: [    0.000000]   2 disabled
Jan 25 19:19:33 ubuntu-host kernel: [    0.000000]   3 disabled
Jan 25 19:19:33 ubuntu-host kernel: [    0.000000]   4 disabled
Jan 25 19:19:33 ubuntu-host kernel: [    0.000000]   5 disabled
Jan 25 19:19:33 ubuntu-host kernel: [    0.000000]   6 disabled
Jan 25 19:19:33 ubuntu-host kernel: [    0.000000]   7 disabled
Jan 25 19:19:33 ubuntu-host kernel: [    0.000000] x86 PAT enabled: cpu 0, old 0x7040600070406, new 0x7010600070106
Jan 25 19:19:33 ubuntu-host kernel: [    0.000000] found SMP MP-table at [mem 0x000f0e70-0x000f0e7f] mapped at [ffff8800000f0e70]
Jan 25 19:19:33 ubuntu-host kernel: [    0.000000] Scanning 1 areas for low memory corruption
Jan 25 19:19:33 ubuntu-host kernel: [    0.000000] Base memory trampoline at [ffff880000099000] 99000 size 24576
Jan 25 19:19:33 ubuntu-host kernel: [    0.000000] init_memory_mapping: [mem 0x00000000-0x000fffff]
Jan 25 19:19:33 ubuntu-host kernel: [    0.000000]  [mem 0x00000000-0x000fffff] page 4k
Jan 25 19:19:33 ubuntu-host kernel: [    0.000000] BRK [0x01fdd000, 0x01fddfff] PGTABLE
Jan 25 19:19:33 ubuntu-host kernel: [    0.000000] BRK [0x01fde000, 0x01fdefff] PGTABLE
Jan 25 19:19:33 ubuntu-host kernel: [    0.000000] BRK [0x01fdf000, 0x01fdffff] PGTABLE
Jan 25 19:19:33 ubuntu-host kernel: [    0.000000] init_memory_mapping: [mem 0x3fc00000-0x3fdfffff]
Jan 25 19:19:33 ubuntu-host kernel: [    0.000000]  [mem 0x3fc00000-0x3fdfffff] page 2M
Jan 25 19:19:33 ubuntu-host kernel: [    0.000000] init_memory_mapping: [mem 0x3c000000-0x3fbfffff]
Jan 25 19:19:33 ubuntu-host kernel: [    0.000000]  [mem 0x3c000000-0x3fbfffff] page 2M
Jan 25 19:19:33 ubuntu-host kernel: [    0.000000] init_memory_mapping: [mem 0x00100000-0x3bffffff]
Jan 25 19:19:33 ubuntu-host kernel: [    0.000000]  [mem 0x00100000-0x001fffff] page 4k
Jan 25 19:19:33 ubuntu-host kernel: [    0.000000]  [mem 0x00200000-0x3bffffff] page 2M
Jan 25 19:19:33 ubuntu-host kernel: [    0.000000] init_memory_mapping: [mem 0x3fe00000-0x3ffdffff]
Jan 25 19:19:33 ubuntu-host kernel: [    0.000000]  [mem 0x3fe00000-0x3ffdffff] page 4k
Jan 25 19:19:33 ubuntu-host kernel: [    0.000000] BRK [0x01fe0000, 0x01fe0fff] PGTABLE
Jan 25 19:19:33 ubuntu-host kernel: [    0.000000] RAMDISK: [mem 0x359dc000-0x36ce5fff]
Jan 25 19:19:33 ubuntu-host kernel: [    0.000000] ACPI: RSDP 00000000000f0c70 000014 (v00 BOCHS )
Jan 25 19:19:33 ubuntu-host kernel: [    0.000000] ACPI: RSDT 000000003ffe3cc6 000034 (v01 BOCHS  BXPCRSDT 00000001 BXPC 00000001)
Jan 25 19:19:33 ubuntu-host kernel: [    0.000000] ACPI: FACP 000000003ffe0b37 000074 (v01 BOCHS  BXPCFACP 00000001 BXPC 00000001)
Jan 25 19:19:33 ubuntu-host kernel: [    0.000000] ACPI: DSDT 000000003ffe0040 000AF7 (v01 BOCHS  BXPCDSDT 00000001 BXPC 00000001)
Jan 25 19:19:33 ubuntu-host kernel: [    0.000000] ACPI: FACS 000000003ffe0000 000040
Jan 25 19:19:33 ubuntu-host kernel: [    0.000000] ACPI: SSDT 000000003ffe0bab 00306B (v01 BOCHS  BXPCSSDT 00000001 BXPC 00000001)
Jan 25 19:19:33 ubuntu-host kernel: [    0.000000] ACPI: APIC 000000003ffe3c16 000078 (v01 BOCHS  BXPCAPIC 00000001 BXPC 00000001)
Jan 25 19:19:33 ubuntu-host kernel: [    0.000000] ACPI: HPET 000000003ffe3c8e 000038 (v01 BOCHS  BXPCHPET 00000001 BXPC 00000001)
Jan 25 19:19:33 ubuntu-host kernel: [    0.000000] ACPI: Local APIC address 0xfee00000
Jan 25 19:19:33 ubuntu-host kernel: [    0.000000] No NUMA configuration found
Jan 25 19:19:33 ubuntu-host kernel: [    0.000000] Faking a node at [mem 0x0000000000000000-0x000000003ffdffff]
Jan 25 19:19:33 ubuntu-host kernel: [    0.000000] Initmem setup node 0 [mem 0x00000000-0x3ffdffff]
Jan 25 19:19:33 ubuntu-host kernel: [    0.000000]   NODE_DATA [mem 0x3ffdb000-0x3ffdffff]
Jan 25 19:19:33 ubuntu-host kernel: [    0.000000] kvm-clock: Using msrs 4b564d01 and 4b564d00
Jan 25 19:19:33 ubuntu-host kernel: [    0.000000] kvm-clock: cpu 0, msr 0:3ffd7001, boot clock
Jan 25 19:19:33 ubuntu-host kernel: [    0.000000]  [ffffea0000000000-ffffea0000ffffff] PMD -> [ffff88003e600000-ffff88003f5fffff] on node 0
Jan 25 19:19:33 ubuntu-host kernel: [    0.000000] Zone ranges:
Jan 25 19:19:33 ubuntu-host kernel: [    0.000000]   DMA      [mem 0x00001000-0x00ffffff]
Jan 25 19:19:33 ubuntu-host kernel: [    0.000000]   DMA32    [mem 0x01000000-0xffffffff]
Jan 25 19:19:33 ubuntu-host kernel: [    0.000000]   Normal   empty
Jan 25 19:19:33 ubuntu-host kernel: [    0.000000] Movable zone start for each node
Jan 25 19:19:33 ubuntu-host kernel: [    0.000000] Early memory node ranges
Jan 25 19:19:33 ubuntu-host kernel: [    0.000000]   node   0: [mem 0x00001000-0x0009efff]
Jan 25 19:19:33 ubuntu-host kernel: [    0.000000]   node   0: [mem 0x00100000-0x3ffdffff]
Jan 25 19:19:33 ubuntu-host kernel: [    0.000000] On node 0 totalpages: 262014
Jan 25 19:19:33 ubuntu-host kernel: [    0.000000]   DMA zone: 64 pages used for memmap
Jan 25 19:19:33 ubuntu-host kernel: [    0.000000]   DMA zone: 21 pages reserved
Jan 25 19:19:33 ubuntu-host kernel: [    0.000000]   DMA zone: 3998 pages, LIFO batch:0
Jan 25 19:19:33 ubuntu-host kernel: [    0.000000]   DMA32 zone: 4032 pages used for memmap
Jan 25 19:19:33 ubuntu-host kernel: [    0.000000]   DMA32 zone: 258016 pages, LIFO batch:31
Jan 25 19:19:33 ubuntu-host kernel: [    0.000000] ACPI: PM-Timer IO Port: 0x608
Jan 25 19:19:33 ubuntu-host kernel: [    0.000000] ACPI: Local APIC address 0xfee00000
Jan 25 19:19:33 ubuntu-host kernel: [    0.000000] ACPI: LAPIC (acpi_id[0x00] lapic_id[0x00] enabled)
Jan 25 19:19:33 ubuntu-host kernel: [    0.000000] ACPI: LAPIC_NMI (acpi_id[0xff] dfl dfl lint[0x1])
Jan 25 19:19:33 ubuntu-host kernel: [    0.000000] ACPI: IOAPIC (id[0x00] address[0xfec00000] gsi_base[0])
Jan 25 19:19:33 ubuntu-host kernel: [    0.000000] IOAPIC[0]: apic_id 0, version 17, address 0xfec00000, GSI 0-23
Jan 25 19:19:33 ubuntu-host kernel: [    0.000000] ACPI: INT_SRC_OVR (bus 0 bus_irq 0 global_irq 2 dfl dfl)
Jan 25 19:19:33 ubuntu-host kernel: [    0.000000] ACPI: INT_SRC_OVR (bus 0 bus_irq 5 global_irq 5 high level)
Jan 25 19:19:33 ubuntu-host kernel: [    0.000000] ACPI: INT_SRC_OVR (bus 0 bus_irq 9 global_irq 9 high level)
Jan 25 19:19:33 ubuntu-host kernel: [    0.000000] ACPI: INT_SRC_OVR (bus 0 bus_irq 10 global_irq 10 high level)
Jan 25 19:19:33 ubuntu-host kernel: [    0.000000] ACPI: INT_SRC_OVR (bus 0 bus_irq 11 global_irq 11 high level)
Jan 25 19:19:33 ubuntu-host kernel: [    0.000000] ACPI: IRQ0 used by override.
Jan 25 19:19:33 ubuntu-host kernel: [    0.000000] ACPI: IRQ2 used by override.
Jan 25 19:19:33 ubuntu-host kernel: [    0.000000] ACPI: IRQ5 used by override.
Jan 25 19:19:33 ubuntu-host kernel: [    0.000000] ACPI: IRQ9 used by override.
Jan 25 19:19:33 ubuntu-host kernel: [    0.000000] ACPI: IRQ10 used by override.
Jan 25 19:19:33 ubuntu-host kernel: [    0.000000] ACPI: IRQ11 used by override.
Jan 25 19:19:33 ubuntu-host kernel: [    0.000000] Using ACPI (MADT) for SMP configuration information
Jan 25 19:19:33 ubuntu-host kernel: [    0.000000] ACPI: HPET id: 0x8086a201 base: 0xfed00000
Jan 25 19:19:33 ubuntu-host kernel: [    0.000000] smpboot: Allowing 1 CPUs, 0 hotplug CPUs
Jan 25 19:19:33 ubuntu-host kernel: [    0.000000] nr_irqs_gsi: 40
Jan 25 19:19:33 ubuntu-host kernel: [    0.000000] PM: Registered nosave memory: [mem 0x0009f000-0x0009ffff]
Jan 25 19:19:33 ubuntu-host kernel: [    0.000000] PM: Registered nosave memory: [mem 0x000a0000-0x000effff]
Jan 25 19:19:33 ubuntu-host kernel: [    0.000000] PM: Registered nosave memory: [mem 0x000f0000-0x000fffff]
Jan 25 19:19:33 ubuntu-host kernel: [    0.000000] e820: [mem 0x40000000-0xfeffbfff] available for PCI devices
Jan 25 19:19:33 ubuntu-host kernel: [    0.000000] Booting paravirtualized kernel on KVM
Jan 25 19:19:33 ubuntu-host kernel: [    0.000000] setup_percpu: NR_CPUS:256 nr_cpumask_bits:256 nr_cpu_ids:1 nr_node_ids:1
Jan 25 19:19:33 ubuntu-host kernel: [    0.000000] PERCPU: Embedded 29 pages/cpu @ffff88003fc00000 s86336 r8192 d24256 u2097152
Jan 25 19:19:33 ubuntu-host kernel: [    0.000000] pcpu-alloc: s86336 r8192 d24256 u2097152 alloc=1*2097152
Jan 25 19:19:33 ubuntu-host kernel: [    0.000000] pcpu-alloc: [0] 0 
Jan 25 19:19:33 ubuntu-host kernel: [    0.000000] kvm-clock: cpu 0, msr 0:3ffd7001, primary cpu clock
Jan 25 19:19:33 ubuntu-host kernel: [    0.000000] KVM setup async PF for cpu 0
Jan 25 19:19:33 ubuntu-host kernel: [    0.000000] kvm-stealtime: cpu 0, msr 3fc0dfc0
Jan 25 19:19:33 ubuntu-host kernel: [    0.000000] Built 1 zonelists in Node order, mobility grouping on.  Total pages: 257897
Jan 25 19:19:33 ubuntu-host kernel: [    0.000000] Policy zone: DMA32
Jan 25 19:19:33 ubuntu-host kernel: [    0.000000] Kernel command line: BOOT_IMAGE=/vmlinuz-3.13.0-24-generic root=/dev/mapper/ubuntu--host--vg-root ro
Jan 25 19:19:33 ubuntu-host kernel: [    0.000000] PID hash table entries: 4096 (order: 3, 32768 bytes)
Jan 25 19:19:33 ubuntu-host kernel: [    0.000000] xsave: enabled xstate_bv 0x7, cntxt size 0x340
Jan 25 19:19:33 ubuntu-host kernel: [    0.000000] Checking aperture...
Jan 25 19:19:33 ubuntu-host kernel: [    0.000000] No AGP bridge found
Jan 25 19:19:33 ubuntu-host kernel: [    0.000000] Calgary: detecting Calgary via BIOS EBDA area
Jan 25 19:19:33 ubuntu-host kernel: [    0.000000] Calgary: Unable to locate Rio Grande table in EBDA - bailing!
Jan 25 19:19:33 ubuntu-host kernel: [    0.000000] Memory: 995420K/1048056K available (7338K kernel code, 1138K rwdata, 3388K rodata, 1332K init, 1440K bss, 52636K reserved)
Jan 25 19:19:33 ubuntu-host kernel: [    0.000000] SLUB: HWalign=64, Order=0-3, MinObjects=0, CPUs=1, Nodes=1
Jan 25 19:19:33 ubuntu-host kernel: [    0.000000] Hierarchical RCU implementation.
Jan 25 19:19:33 ubuntu-host kernel: [    0.000000] 	RCU dyntick-idle grace-period acceleration is enabled.
Jan 25 19:19:33 ubuntu-host kernel: [    0.000000] 	RCU restricting CPUs from NR_CPUS=256 to nr_cpu_ids=1.
Jan 25 19:19:33 ubuntu-host kernel: [    0.000000] 	Offload RCU callbacks from all CPUs
Jan 25 19:19:33 ubuntu-host kernel: [    0.000000] 	Offload RCU callbacks from CPUs: 0.
Jan 25 19:19:33 ubuntu-host kernel: [    0.000000] NR_IRQS:16640 nr_irqs:256 16
Jan 25 19:19:33 ubuntu-host kernel: [    0.000000] Console: colour dummy device 80x25
Jan 25 19:19:33 ubuntu-host kernel: [    0.000000] console [tty0] enabled
Jan 25 19:19:33 ubuntu-host kernel: [    0.000000] allocated 4194304 bytes of page_cgroup
Jan 25 19:19:33 ubuntu-host kernel: [    0.000000] please try 'cgroup_disable=memory' option if you don't want memory cgroups
Jan 25 19:19:33 ubuntu-host kernel: [    0.000000] hpet clockevent registered
Jan 25 19:19:33 ubuntu-host kernel: [    0.000000] tsc: Detected 2500.006 MHz processor
Jan 25 19:19:33 ubuntu-host kernel: [    0.008000] Calibrating delay loop (skipped) preset value.. 5000.01 BogoMIPS (lpj=10000024)
Jan 25 19:19:33 ubuntu-host kernel: [    0.008000] pid_max: default: 32768 minimum: 301
Jan 25 19:19:33 ubuntu-host kernel: [    0.008000] Security Framework initialized
Jan 25 19:19:33 ubuntu-host kernel: [    0.008000] AppArmor: AppArmor initialized
Jan 25 19:19:33 ubuntu-host kernel: [    0.008000] Yama: becoming mindful.
Jan 25 19:19:33 ubuntu-host kernel: [    0.008000] Dentry cache hash table entries: 131072 (order: 8, 1048576 bytes)
Jan 25 19:19:33 ubuntu-host kernel: [    0.008000] Inode-cache hash table entries: 65536 (order: 7, 524288 bytes)
Jan 25 19:19:33 ubuntu-host kernel: [    0.008000] Mount-cache hash table entries: 2048 (order: 2, 16384 bytes)
Jan 25 19:19:33 ubuntu-host kernel: [    0.008000] Mountpoint-cache hash table entries: 2048 (order: 2, 16384 bytes)
Jan 25 19:19:33 ubuntu-host kernel: [    0.008000] Initializing cgroup subsys memory
Jan 25 19:19:33 ubuntu-host kernel: [    0.008000] Initializing cgroup subsys devices
Jan 25 19:19:33 ubuntu-host kernel: [    0.008000] Initializing cgroup subsys freezer
Jan 25 19:19:33 ubuntu-host kernel: [    0.008000] Initializing cgroup subsys blkio
Jan 25 19:19:33 ubuntu-host kernel: [    0.008000] Initializing cgroup subsys perf_event
Jan 25 19:19:33 ubuntu-host kernel: [    0.008000] Initializing cgroup subsys hugetlb
Jan 25 19:19:33 ubuntu-host kernel: [    0.008000] mce: CPU supports 10 MCE banks
Jan 25 19:19:33 ubuntu-host kernel: [    0.008080] Last level iTLB entries: 4KB 0, 2MB 0, 4MB 0
Jan 25 19:19:33 ubuntu-host kernel: [    0.008080] Last level dTLB entries: 4KB 0, 2MB 0, 4MB 0
Jan 25 19:19:33 ubuntu-host kernel: [    0.008080] tlb_flushall_shift: 6
Jan 25 19:19:33 ubuntu-host kernel: [    0.047464] Freeing SMP alternatives memory: 32K (ffffffff81e6b000 - ffffffff81e73000)
Jan 25 19:19:33 ubuntu-host kernel: [    0.055600] ACPI: Core revision 20131115
Jan 25 19:19:33 ubuntu-host kernel: [    0.059441] ACPI: All ACPI Tables successfully acquired
Jan 25 19:19:33 ubuntu-host kernel: [    0.059498] ftrace: allocating 28408 entries in 111 pages
Jan 25 19:19:33 ubuntu-host kernel: [    0.076336] Enabling x2apic
Jan 25 19:19:33 ubuntu-host kernel: [    0.076343] Enabled x2apic
Jan 25 19:19:33 ubuntu-host kernel: [    0.076512] Switched APIC routing to physical x2apic.
Jan 25 19:19:33 ubuntu-host kernel: [    0.080617] ..TIMER: vector=0x30 apic1=0 pin1=2 apic2=-1 pin2=-1
Jan 25 19:19:33 ubuntu-host kernel: [    0.080620] smpboot: CPU0: Intel Core Processor (Haswell) (fam: 06, model: 3c, stepping: 01)
Jan 25 19:19:33 ubuntu-host kernel: [    0.080663] TSC deadline timer enabled
Jan 25 19:19:33 ubuntu-host kernel: [    0.086500] Performance Events: unsupported p6 CPU model 60 no PMU driver, software events only.
Jan 25 19:19:33 ubuntu-host kernel: [    0.087990] x86: Booted up 1 node, 1 CPUs
Jan 25 19:19:33 ubuntu-host kernel: [    0.087994] smpboot: Total of 1 processors activated (5000.01 BogoMIPS)
Jan 25 19:19:33 ubuntu-host kernel: [    0.088280] NMI watchdog: disabled (cpu0): hardware events not enabled
Jan 25 19:19:33 ubuntu-host kernel: [    0.088373] devtmpfs: initialized
Jan 25 19:19:33 ubuntu-host kernel: [    0.090255] EVM: security.selinux
Jan 25 19:19:33 ubuntu-host kernel: [    0.090257] EVM: security.SMACK64
Jan 25 19:19:33 ubuntu-host kernel: [    0.090258] EVM: security.ima
Jan 25 19:19:33 ubuntu-host kernel: [    0.090259] EVM: security.capability
Jan 25 19:19:33 ubuntu-host kernel: [    0.091092] pinctrl core: initialized pinctrl subsystem
Jan 25 19:19:33 ubuntu-host kernel: [    0.091162] regulator-dummy: no parameters
Jan 25 19:19:33 ubuntu-host kernel: [    0.091264] RTC time:  0:19:26, date: 01/26/15
Jan 25 19:19:33 ubuntu-host kernel: [    0.091320] NET: Registered protocol family 16
Jan 25 19:19:33 ubuntu-host kernel: [    0.091447] cpuidle: using governor ladder
Jan 25 19:19:33 ubuntu-host kernel: [    0.091450] cpuidle: using governor menu
Jan 25 19:19:33 ubuntu-host kernel: [    0.091486] ACPI: bus type PCI registered
Jan 25 19:19:33 ubuntu-host kernel: [    0.091488] acpiphp: ACPI Hot Plug PCI Controller Driver version: 0.5
Jan 25 19:19:33 ubuntu-host kernel: [    0.091613] PCI: Using configuration type 1 for base access
Jan 25 19:19:33 ubuntu-host kernel: [    0.092435] bio: create slab <bio-0> at 0
Jan 25 19:19:33 ubuntu-host kernel: [    0.092722] ACPI: Added _OSI(Module Device)
Jan 25 19:19:33 ubuntu-host kernel: [    0.092724] ACPI: Added _OSI(Processor Device)
Jan 25 19:19:33 ubuntu-host kernel: [    0.092726] ACPI: Added _OSI(3.0 _SCP Extensions)
Jan 25 19:19:33 ubuntu-host kernel: [    0.092727] ACPI: Added _OSI(Processor Aggregator Device)
Jan 25 19:19:33 ubuntu-host kernel: [    0.094422] ACPI: Interpreter enabled
Jan 25 19:19:33 ubuntu-host kernel: [    0.094431] ACPI Exception: AE_NOT_FOUND, While evaluating Sleep State [\_S1_] (20131115/hwxface-580)
Jan 25 19:19:33 ubuntu-host kernel: [    0.094435] ACPI Exception: AE_NOT_FOUND, While evaluating Sleep State [\_S2_] (20131115/hwxface-580)
Jan 25 19:19:33 ubuntu-host kernel: [    0.094443] ACPI: (supports S0 S3 S4 S5)
Jan 25 19:19:33 ubuntu-host kernel: [    0.094445] ACPI: Using IOAPIC for interrupt routing
Jan 25 19:19:33 ubuntu-host kernel: [    0.094463] PCI: Using host bridge windows from ACPI; if necessary, use "pci=nocrs" and report a bug
Jan 25 19:19:33 ubuntu-host kernel: [    0.095653] ACPI: No dock devices found.
Jan 25 19:19:33 ubuntu-host kernel: [    0.103612] ACPI: PCI Root Bridge [PCI0] (domain 0000 [bus 00-ff])
Jan 25 19:19:33 ubuntu-host kernel: [    0.103618] acpi PNP0A03:00: _OSC: OS supports [ASPM ClockPM Segments MSI]
Jan 25 19:19:33 ubuntu-host kernel: [    0.103623] acpi PNP0A03:00: _OSC failed (AE_NOT_FOUND); disabling ASPM
Jan 25 19:19:33 ubuntu-host kernel: [    0.103688] acpi PNP0A03:00: fail to add MMCONFIG information, can't access extended PCI configuration space under this bridge.
Jan 25 19:19:33 ubuntu-host kernel: [    0.103886] acpiphp: Slot [9] registered
Jan 25 19:19:33 ubuntu-host kernel: [    0.103904] acpiphp: Slot [10] registered
Jan 25 19:19:33 ubuntu-host kernel: [    0.103924] acpiphp: Slot [11] registered
Jan 25 19:19:33 ubuntu-host kernel: [    0.103940] acpiphp: Slot [12] registered
Jan 25 19:19:33 ubuntu-host kernel: [    0.103956] acpiphp: Slot [13] registered
Jan 25 19:19:33 ubuntu-host kernel: [    0.103972] acpiphp: Slot [14] registered
Jan 25 19:19:33 ubuntu-host kernel: [    0.104005] acpiphp: Slot [15] registered
Jan 25 19:19:33 ubuntu-host kernel: [    0.104023] acpiphp: Slot [16] registered
Jan 25 19:19:33 ubuntu-host kernel: [    0.104039] acpiphp: Slot [17] registered
Jan 25 19:19:33 ubuntu-host kernel: [    0.104072] acpiphp: Slot [18] registered
Jan 25 19:19:33 ubuntu-host kernel: [    0.104089] acpiphp: Slot [19] registered
Jan 25 19:19:33 ubuntu-host kernel: [    0.104119] acpiphp: Slot [20] registered
Jan 25 19:19:33 ubuntu-host kernel: [    0.104138] acpiphp: Slot [21] registered
Jan 25 19:19:33 ubuntu-host kernel: [    0.104157] acpiphp: Slot [22] registered
Jan 25 19:19:33 ubuntu-host kernel: [    0.104186] acpiphp: Slot [23] registered
Jan 25 19:19:33 ubuntu-host kernel: [    0.104201] acpiphp: Slot [24] registered
Jan 25 19:19:33 ubuntu-host kernel: [    0.104225] acpiphp: Slot [25] registered
Jan 25 19:19:33 ubuntu-host kernel: [    0.104258] acpiphp: Slot [26] registered
Jan 25 19:19:33 ubuntu-host kernel: [    0.104274] acpiphp: Slot [27] registered
Jan 25 19:19:33 ubuntu-host kernel: [    0.104290] acpiphp: Slot [28] registered
Jan 25 19:19:33 ubuntu-host kernel: [    0.104306] acpiphp: Slot [29] registered
Jan 25 19:19:33 ubuntu-host kernel: [    0.104321] acpiphp: Slot [30] registered
Jan 25 19:19:33 ubuntu-host kernel: [    0.104337] acpiphp: Slot [31] registered
Jan 25 19:19:33 ubuntu-host kernel: [    0.104413] PCI host bridge to bus 0000:00
Jan 25 19:19:33 ubuntu-host kernel: [    0.104416] pci_bus 0000:00: root bus resource [bus 00-ff]
Jan 25 19:19:33 ubuntu-host kernel: [    0.104418] pci_bus 0000:00: root bus resource [io  0x0000-0x0cf7]
Jan 25 19:19:33 ubuntu-host kernel: [    0.104420] pci_bus 0000:00: root bus resource [io  0x0d00-0xadff]
Jan 25 19:19:33 ubuntu-host kernel: [    0.104422] pci_bus 0000:00: root bus resource [io  0xae0f-0xaeff]
Jan 25 19:19:33 ubuntu-host kernel: [    0.104423] pci_bus 0000:00: root bus resource [io  0xaf20-0xafdf]
Jan 25 19:19:33 ubuntu-host kernel: [    0.104439] pci_bus 0000:00: root bus resource [io  0xafe4-0xffff]
Jan 25 19:19:33 ubuntu-host kernel: [    0.104441] pci_bus 0000:00: root bus resource [mem 0x000a0000-0x000bffff]
Jan 25 19:19:33 ubuntu-host kernel: [    0.104443] pci_bus 0000:00: root bus resource [mem 0x40000000-0xfebfffff]
Jan 25 19:19:33 ubuntu-host kernel: [    0.104475] pci 0000:00:00.0: [8086:1237] type 00 class 0x060000
Jan 25 19:19:33 ubuntu-host kernel: [    0.104821] pci 0000:00:01.0: [8086:7000] type 00 class 0x060100
Jan 25 19:19:33 ubuntu-host kernel: [    0.105283] pci 0000:00:01.1: [8086:7010] type 00 class 0x010180
Jan 25 19:19:33 ubuntu-host kernel: [    0.112006] pci 0000:00:01.1: reg 0x20: [io  0x6140-0x614f]
Jan 25 19:19:33 ubuntu-host kernel: [    0.115093] pci 0000:00:01.3: [8086:7113] type 00 class 0x068000
Jan 25 19:19:33 ubuntu-host kernel: [    0.115431] pci 0000:00:01.3: quirk: [io  0x0600-0x063f] claimed by PIIX4 ACPI
Jan 25 19:19:33 ubuntu-host kernel: [    0.115442] pci 0000:00:01.3: quirk: [io  0x0700-0x070f] claimed by PIIX4 SMB
Jan 25 19:19:33 ubuntu-host kernel: [    0.115616] pci 0000:00:02.0: [1234:1111] type 00 class 0x030000
Jan 25 19:19:33 ubuntu-host kernel: [    0.117621] pci 0000:00:02.0: reg 0x10: [mem 0xfc000000-0xfcffffff pref]
Jan 25 19:19:33 ubuntu-host kernel: [    0.123176] pci 0000:00:02.0: reg 0x18: [mem 0xfea12000-0xfea12fff]
Jan 25 19:19:33 ubuntu-host kernel: [    0.133596] pci 0000:00:02.0: reg 0x30: [mem 0xfea00000-0xfea0ffff pref]
Jan 25 19:19:33 ubuntu-host kernel: [    0.134024] pci 0000:00:03.0: [1b36:0001] type 01 class 0x060400
Jan 25 19:19:33 ubuntu-host kernel: [    0.136007] pci 0000:00:03.0: reg 0x10: [mem 0xfea13000-0xfea130ff 64bit]
Jan 25 19:19:33 ubuntu-host kernel: [    0.139488] pci 0000:00:04.0: [1b36:0001] type 01 class 0x060400
Jan 25 19:19:33 ubuntu-host kernel: [    0.141544] pci 0000:00:04.0: reg 0x10: [mem 0xfea14000-0xfea140ff 64bit]
Jan 25 19:19:33 ubuntu-host kernel: [    0.144498] pci 0000:00:05.0: [1b36:0001] type 01 class 0x060400
Jan 25 19:19:33 ubuntu-host kernel: [    0.147466] pci 0000:00:05.0: reg 0x10: [mem 0xfea15000-0xfea150ff 64bit]
Jan 25 19:19:33 ubuntu-host kernel: [    0.150001] pci 0000:00:06.0: [1b36:0001] type 01 class 0x060400
Jan 25 19:19:33 ubuntu-host kernel: [    0.152007] pci 0000:00:06.0: reg 0x10: [mem 0xfea16000-0xfea160ff 64bit]
Jan 25 19:19:33 ubuntu-host kernel: [    0.155330] pci 0000:00:07.0: [1b36:0001] type 01 class 0x060400
Jan 25 19:19:33 ubuntu-host kernel: [    0.157541] pci 0000:00:07.0: reg 0x10: [mem 0xfea17000-0xfea170ff 64bit]
Jan 25 19:19:33 ubuntu-host kernel: [    0.160423] pci 0000:00:08.0: [8086:7020] type 00 class 0x0c0300
Jan 25 19:19:33 ubuntu-host kernel: [    0.167751] pci 0000:00:08.0: reg 0x20: [io  0x6100-0x611f]
Jan 25 19:19:33 ubuntu-host kernel: [    0.170401] pci 0000:00:09.0: [1af4:1003] type 00 class 0x078000
Jan 25 19:19:33 ubuntu-host kernel: [    0.172006] pci 0000:00:09.0: reg 0x10: [io  0x6120-0x613f]
Jan 25 19:19:33 ubuntu-host kernel: [    0.174935] pci 0000:00:09.0: reg 0x14: [mem 0xfea18000-0xfea18fff]
Jan 25 19:19:33 ubuntu-host kernel: [    0.188267] pci 0000:00:0a.0: [1000:0012] type 00 class 0x010000
Jan 25 19:19:33 ubuntu-host kernel: [    0.192006] pci 0000:00:0a.0: reg 0x10: [io  0x6000-0x60ff]
Jan 25 19:19:33 ubuntu-host kernel: [    0.196006] pci 0000:00:0a.0: reg 0x14: [mem 0xfea19000-0xfea193ff]
Jan 25 19:19:33 ubuntu-host kernel: [    0.200006] pci 0000:00:0a.0: reg 0x18: [mem 0xfea10000-0xfea11fff]
Jan 25 19:19:33 ubuntu-host kernel: [    0.217395] acpiphp: Slot [0] registered
Jan 25 19:19:33 ubuntu-host kernel: [    0.217443] acpiphp: Slot [1] registered
Jan 25 19:19:33 ubuntu-host kernel: [    0.217461] acpiphp: Slot [2] registered
Jan 25 19:19:33 ubuntu-host kernel: [    0.217487] acpiphp: Slot [3-2] registered
Jan 25 19:19:33 ubuntu-host kernel: [    0.217507] acpiphp: Slot [4-2] registered
Jan 25 19:19:33 ubuntu-host kernel: [    0.217548] acpiphp: Slot [5-2] registered
Jan 25 19:19:33 ubuntu-host kernel: [    0.217568] acpiphp: Slot [6-2] registered
Jan 25 19:19:33 ubuntu-host kernel: [    0.217588] acpiphp: Slot [7-2] registered
Jan 25 19:19:33 ubuntu-host kernel: [    0.217604] acpiphp: Slot [8] registered
Jan 25 19:19:33 ubuntu-host kernel: [    0.217623] acpiphp: Slot [9-2] registered
Jan 25 19:19:33 ubuntu-host kernel: [    0.217646] acpiphp: Slot [10-2] registered
Jan 25 19:19:33 ubuntu-host kernel: [    0.217666] acpiphp: Slot [11-2] registered
Jan 25 19:19:33 ubuntu-host kernel: [    0.217685] acpiphp: Slot [12-2] registered
Jan 25 19:19:33 ubuntu-host kernel: [    0.217707] acpiphp: Slot [13-2] registered
Jan 25 19:19:33 ubuntu-host kernel: [    0.217727] acpiphp: Slot [14-2] registered
Jan 25 19:19:33 ubuntu-host kernel: [    0.217749] acpiphp: Slot [15-2] registered
Jan 25 19:19:33 ubuntu-host kernel: [    0.217773] acpiphp: Slot [16-2] registered
Jan 25 19:19:33 ubuntu-host kernel: [    0.217803] acpiphp: Slot [17-2] registered
Jan 25 19:19:33 ubuntu-host kernel: [    0.217823] acpiphp: Slot [18-2] registered
Jan 25 19:19:33 ubuntu-host kernel: [    0.217843] acpiphp: Slot [19-2] registered
Jan 25 19:19:33 ubuntu-host kernel: [    0.217862] acpiphp: Slot [20-2] registered
Jan 25 19:19:33 ubuntu-host kernel: [    0.217896] acpiphp: Slot [21-2] registered
Jan 25 19:19:33 ubuntu-host kernel: [    0.217916] acpiphp: Slot [22-2] registered
Jan 25 19:19:33 ubuntu-host kernel: [    0.217936] acpiphp: Slot [23-2] registered
Jan 25 19:19:33 ubuntu-host kernel: [    0.217973] acpiphp: Slot [24-2] registered
Jan 25 19:19:33 ubuntu-host kernel: [    0.217993] acpiphp: Slot [25-2] registered
Jan 25 19:19:33 ubuntu-host kernel: [    0.218029] acpiphp: Slot [26-2] registered
Jan 25 19:19:33 ubuntu-host kernel: [    0.218048] acpiphp: Slot [27-2] registered
Jan 25 19:19:33 ubuntu-host kernel: [    0.218080] acpiphp: Slot [28-2] registered
Jan 25 19:19:33 ubuntu-host kernel: [    0.218099] acpiphp: Slot [29-2] registered
Jan 25 19:19:33 ubuntu-host kernel: [    0.218117] acpiphp: Slot [30-2] registered
Jan 25 19:19:33 ubuntu-host kernel: [    0.218136] acpiphp: Slot [31-2] registered
Jan 25 19:19:33 ubuntu-host kernel: [    0.218351] pci 0000:00:03.0: PCI bridge to [bus 01]
Jan 25 19:19:33 ubuntu-host kernel: [    0.218380] pci 0000:00:03.0:   bridge window [io  0x5000-0x5fff]
Jan 25 19:19:33 ubuntu-host kernel: [    0.218393] pci 0000:00:03.0:   bridge window [mem 0xfe800000-0xfe9fffff]
Jan 25 19:19:33 ubuntu-host kernel: [    0.218418] pci 0000:00:03.0:   bridge window [mem 0xfd800000-0xfd9fffff 64bit pref]
Jan 25 19:19:33 ubuntu-host kernel: [    0.220435] acpiphp: Slot [0-2] registered
Jan 25 19:19:33 ubuntu-host kernel: [    0.220473] acpiphp: Slot [1-2] registered
Jan 25 19:19:33 ubuntu-host kernel: [    0.220499] acpiphp: Slot [2-2] registered
Jan 25 19:19:33 ubuntu-host kernel: [    0.220541] acpiphp: Slot [3-3] registered
Jan 25 19:19:33 ubuntu-host kernel: [    0.220565] acpiphp: Slot [4-3] registered
Jan 25 19:19:33 ubuntu-host kernel: [    0.220601] acpiphp: Slot [5-3] registered
Jan 25 19:19:33 ubuntu-host kernel: [    0.220623] acpiphp: Slot [6-3] registered
Jan 25 19:19:33 ubuntu-host kernel: [    0.220657] acpiphp: Slot [7-3] registered
Jan 25 19:19:33 ubuntu-host kernel: [    0.220677] acpiphp: Slot [8-2] registered
Jan 25 19:19:33 ubuntu-host kernel: [    0.220697] acpiphp: Slot [9-3] registered
Jan 25 19:19:33 ubuntu-host kernel: [    0.220717] acpiphp: Slot [10-3] registered
Jan 25 19:19:33 ubuntu-host kernel: [    0.220737] acpiphp: Slot [11-3] registered
Jan 25 19:19:33 ubuntu-host kernel: [    0.220770] acpiphp: Slot [12-3] registered
Jan 25 19:19:33 ubuntu-host kernel: [    0.220795] acpiphp: Slot [13-3] registered
Jan 25 19:19:33 ubuntu-host kernel: [    0.220815] acpiphp: Slot [14-3] registered
Jan 25 19:19:33 ubuntu-host kernel: [    0.220834] acpiphp: Slot [15-3] registered
Jan 25 19:19:33 ubuntu-host kernel: [    0.220868] acpiphp: Slot [16-3] registered
Jan 25 19:19:33 ubuntu-host kernel: [    0.220888] acpiphp: Slot [17-3] registered
Jan 25 19:19:33 ubuntu-host kernel: [    0.220924] acpiphp: Slot [18-3] registered
Jan 25 19:19:33 ubuntu-host kernel: [    0.220950] acpiphp: Slot [19-3] registered
Jan 25 19:19:33 ubuntu-host kernel: [    0.220970] acpiphp: Slot [20-3] registered
Jan 25 19:19:33 ubuntu-host kernel: [    0.221006] acpiphp: Slot [21-3] registered
Jan 25 19:19:33 ubuntu-host kernel: [    0.221029] acpiphp: Slot [22-3] registered
Jan 25 19:19:33 ubuntu-host kernel: [    0.221048] acpiphp: Slot [23-3] registered
Jan 25 19:19:33 ubuntu-host kernel: [    0.221067] acpiphp: Slot [24-3] registered
Jan 25 19:19:33 ubuntu-host kernel: [    0.221086] acpiphp: Slot [25-3] registered
Jan 25 19:19:33 ubuntu-host kernel: [    0.221104] acpiphp: Slot [26-3] registered
Jan 25 19:19:33 ubuntu-host kernel: [    0.221123] acpiphp: Slot [27-3] registered
Jan 25 19:19:33 ubuntu-host kernel: [    0.221159] acpiphp: Slot [28-3] registered
Jan 25 19:19:33 ubuntu-host kernel: [    0.221186] acpiphp: Slot [29-3] registered
Jan 25 19:19:33 ubuntu-host kernel: [    0.221206] acpiphp: Slot [30-3] registered
Jan 25 19:19:33 ubuntu-host kernel: [    0.221231] acpiphp: Slot [31-3] registered
Jan 25 19:19:33 ubuntu-host kernel: [    0.221452] pci 0000:00:04.0: PCI bridge to [bus 02]
Jan 25 19:19:33 ubuntu-host kernel: [    0.221471] pci 0000:00:04.0:   bridge window [io  0x4000-0x4fff]
Jan 25 19:19:33 ubuntu-host kernel: [    0.221486] pci 0000:00:04.0:   bridge window [mem 0xfe600000-0xfe7fffff]
Jan 25 19:19:33 ubuntu-host kernel: [    0.221518] pci 0000:00:04.0:   bridge window [mem 0xfd600000-0xfd7fffff 64bit pref]
Jan 25 19:19:33 ubuntu-host kernel: [    0.223429] acpiphp: Slot [0-3] registered
Jan 25 19:19:33 ubuntu-host kernel: [    0.223460] acpiphp: Slot [1-3] registered
Jan 25 19:19:33 ubuntu-host kernel: [    0.223493] acpiphp: Slot [2-3] registered
Jan 25 19:19:33 ubuntu-host kernel: [    0.223522] acpiphp: Slot [3-4] registered
Jan 25 19:19:33 ubuntu-host kernel: [    0.223543] acpiphp: Slot [4-4] registered
Jan 25 19:19:33 ubuntu-host kernel: [    0.223568] acpiphp: Slot [5-4] registered
Jan 25 19:19:33 ubuntu-host kernel: [    0.223592] acpiphp: Slot [6-4] registered
Jan 25 19:19:33 ubuntu-host kernel: [    0.223612] acpiphp: Slot [7-4] registered
Jan 25 19:19:33 ubuntu-host kernel: [    0.223632] acpiphp: Slot [8-3] registered
Jan 25 19:19:33 ubuntu-host kernel: [    0.223656] acpiphp: Slot [9-4] registered
Jan 25 19:19:33 ubuntu-host kernel: [    0.223692] acpiphp: Slot [10-4] registered
Jan 25 19:19:33 ubuntu-host kernel: [    0.223714] acpiphp: Slot [11-4] registered
Jan 25 19:19:33 ubuntu-host kernel: [    0.223734] acpiphp: Slot [12-4] registered
Jan 25 19:19:33 ubuntu-host kernel: [    0.223774] acpiphp: Slot [13-4] registered
Jan 25 19:19:33 ubuntu-host kernel: [    0.223803] acpiphp: Slot [14-4] registered
Jan 25 19:19:33 ubuntu-host kernel: [    0.223825] acpiphp: Slot [15-4] registered
Jan 25 19:19:33 ubuntu-host kernel: [    0.223845] acpiphp: Slot [16-4] registered
Jan 25 19:19:33 ubuntu-host kernel: [    0.223868] acpiphp: Slot [17-4] registered
Jan 25 19:19:33 ubuntu-host kernel: [    0.223889] acpiphp: Slot [18-4] registered
Jan 25 19:19:33 ubuntu-host kernel: [    0.223910] acpiphp: Slot [19-4] registered
Jan 25 19:19:33 ubuntu-host kernel: [    0.223933] acpiphp: Slot [20-4] registered
Jan 25 19:19:33 ubuntu-host kernel: [    0.223954] acpiphp: Slot [21-4] registered
Jan 25 19:19:33 ubuntu-host kernel: [    0.223975] acpiphp: Slot [22-4] registered
Jan 25 19:19:33 ubuntu-host kernel: [    0.223995] acpiphp: Slot [23-4] registered
Jan 25 19:19:33 ubuntu-host kernel: [    0.224021] acpiphp: Slot [24-4] registered
Jan 25 19:19:33 ubuntu-host kernel: [    0.224044] acpiphp: Slot [25-4] registered
Jan 25 19:19:33 ubuntu-host kernel: [    0.224065] acpiphp: Slot [26-4] registered
Jan 25 19:19:33 ubuntu-host kernel: [    0.224099] acpiphp: Slot [27-4] registered
Jan 25 19:19:33 ubuntu-host kernel: [    0.224123] acpiphp: Slot [28-4] registered
Jan 25 19:19:33 ubuntu-host kernel: [    0.224143] acpiphp: Slot [29-4] registered
Jan 25 19:19:33 ubuntu-host kernel: [    0.224164] acpiphp: Slot [30-4] registered
Jan 25 19:19:33 ubuntu-host kernel: [    0.224185] acpiphp: Slot [31-4] registered
Jan 25 19:19:33 ubuntu-host kernel: [    0.224397] pci 0000:00:05.0: PCI bridge to [bus 03]
Jan 25 19:19:33 ubuntu-host kernel: [    0.224412] pci 0000:00:05.0:   bridge window [io  0x3000-0x3fff]
Jan 25 19:19:33 ubuntu-host kernel: [    0.224426] pci 0000:00:05.0:   bridge window [mem 0xfe400000-0xfe5fffff]
Jan 25 19:19:33 ubuntu-host kernel: [    0.224450] pci 0000:00:05.0:   bridge window [mem 0xfd400000-0xfd5fffff 64bit pref]
Jan 25 19:19:33 ubuntu-host kernel: [    0.226392] acpiphp: Slot [0-4] registered
Jan 25 19:19:33 ubuntu-host kernel: [    0.226419] acpiphp: Slot [1-4] registered
Jan 25 19:19:33 ubuntu-host kernel: [    0.226441] acpiphp: Slot [2-4] registered
Jan 25 19:19:33 ubuntu-host kernel: [    0.226476] acpiphp: Slot [3-5] registered
Jan 25 19:19:33 ubuntu-host kernel: [    0.226504] acpiphp: Slot [4-5] registered
Jan 25 19:19:33 ubuntu-host kernel: [    0.226526] acpiphp: Slot [5-5] registered
Jan 25 19:19:33 ubuntu-host kernel: [    0.226550] acpiphp: Slot [6-5] registered
Jan 25 19:19:33 ubuntu-host kernel: [    0.226577] acpiphp: Slot [7-5] registered
Jan 25 19:19:33 ubuntu-host kernel: [    0.226601] acpiphp: Slot [8-4] registered
Jan 25 19:19:33 ubuntu-host kernel: [    0.226621] acpiphp: Slot [9-5] registered
Jan 25 19:19:33 ubuntu-host kernel: [    0.226656] acpiphp: Slot [10-5] registered
Jan 25 19:19:33 ubuntu-host kernel: [    0.226677] acpiphp: Slot [11-5] registered
Jan 25 19:19:33 ubuntu-host kernel: [    0.226710] acpiphp: Slot [12-5] registered
Jan 25 19:19:33 ubuntu-host kernel: [    0.226738] acpiphp: Slot [13-5] registered
Jan 25 19:19:33 ubuntu-host kernel: [    0.226775] acpiphp: Slot [14-5] registered
Jan 25 19:19:33 ubuntu-host kernel: [    0.226798] acpiphp: Slot [15-5] registered
Jan 25 19:19:33 ubuntu-host kernel: [    0.226820] acpiphp: Slot [16-5] registered
Jan 25 19:19:33 ubuntu-host kernel: [    0.226842] acpiphp: Slot [17-5] registered
Jan 25 19:19:33 ubuntu-host kernel: [    0.226863] acpiphp: Slot [18-5] registered
Jan 25 19:19:33 ubuntu-host kernel: [    0.226884] acpiphp: Slot [19-5] registered
Jan 25 19:19:33 ubuntu-host kernel: [    0.226916] acpiphp: Slot [20-5] registered
Jan 25 19:19:33 ubuntu-host kernel: [    0.226942] acpiphp: Slot [21-5] registered
Jan 25 19:19:33 ubuntu-host kernel: [    0.226964] acpiphp: Slot [22-5] registered
Jan 25 19:19:33 ubuntu-host kernel: [    0.226992] acpiphp: Slot [23-5] registered
Jan 25 19:19:33 ubuntu-host kernel: [    0.227020] acpiphp: Slot [24-5] registered
Jan 25 19:19:33 ubuntu-host kernel: [    0.227045] acpiphp: Slot [25-5] registered
Jan 25 19:19:33 ubuntu-host kernel: [    0.227072] acpiphp: Slot [26-5] registered
Jan 25 19:19:33 ubuntu-host kernel: [    0.227097] acpiphp: Slot [27-5] registered
Jan 25 19:19:33 ubuntu-host kernel: [    0.227124] acpiphp: Slot [28-5] registered
Jan 25 19:19:33 ubuntu-host kernel: [    0.227151] acpiphp: Slot [29-5] registered
Jan 25 19:19:33 ubuntu-host kernel: [    0.227187] acpiphp: Slot [30-5] registered
Jan 25 19:19:33 ubuntu-host kernel: [    0.227208] acpiphp: Slot [31-5] registered
Jan 25 19:19:33 ubuntu-host kernel: [    0.227252] pci 0000:04:01.0: [8086:100e] type 00 class 0x020000
Jan 25 19:19:33 ubuntu-host kernel: [    0.229427] pci 0000:04:01.0: reg 0x10: [mem 0xfe200000-0xfe21ffff]
Jan 25 19:19:33 ubuntu-host kernel: [    0.232007] pci 0000:04:01.0: reg 0x14: [io  0x2000-0x203f]
Jan 25 19:19:33 ubuntu-host kernel: [    0.245859] pci 0000:00:06.0: PCI bridge to [bus 04]
Jan 25 19:19:33 ubuntu-host kernel: [    0.245890] pci 0000:00:06.0:   bridge window [io  0x2000-0x2fff]
Jan 25 19:19:33 ubuntu-host kernel: [    0.245904] pci 0000:00:06.0:   bridge window [mem 0xfe200000-0xfe3fffff]
Jan 25 19:19:33 ubuntu-host kernel: [    0.245941] pci 0000:00:06.0:   bridge window [mem 0xfd200000-0xfd3fffff 64bit pref]
Jan 25 19:19:33 ubuntu-host kernel: [    0.247903] acpiphp: Slot [0-5] registered
Jan 25 19:19:33 ubuntu-host kernel: [    0.247940] acpiphp: Slot [1-5] registered
Jan 25 19:19:33 ubuntu-host kernel: [    0.247972] acpiphp: Slot [2-5] registered
Jan 25 19:19:33 ubuntu-host kernel: [    0.248016] acpiphp: Slot [3-6] registered
Jan 25 19:19:33 ubuntu-host kernel: [    0.248040] acpiphp: Slot [4-6] registered
Jan 25 19:19:33 ubuntu-host kernel: [    0.248075] acpiphp: Slot [5-6] registered
Jan 25 19:19:33 ubuntu-host kernel: [    0.248096] acpiphp: Slot [6-6] registered
Jan 25 19:19:33 ubuntu-host kernel: [    0.248117] acpiphp: Slot [7-6] registered
Jan 25 19:19:33 ubuntu-host kernel: [    0.248156] acpiphp: Slot [8-5] registered
Jan 25 19:19:33 ubuntu-host kernel: [    0.248186] acpiphp: Slot [9-6] registered
Jan 25 19:19:33 ubuntu-host kernel: [    0.248229] acpiphp: Slot [10-6] registered
Jan 25 19:19:33 ubuntu-host kernel: [    0.248253] acpiphp: Slot [11-6] registered
Jan 25 19:19:33 ubuntu-host kernel: [    0.248277] acpiphp: Slot [12-6] registered
Jan 25 19:19:33 ubuntu-host kernel: [    0.248311] acpiphp: Slot [13-6] registered
Jan 25 19:19:33 ubuntu-host kernel: [    0.248339] acpiphp: Slot [14-6] registered
Jan 25 19:19:33 ubuntu-host kernel: [    0.248365] acpiphp: Slot [15-6] registered
Jan 25 19:19:33 ubuntu-host kernel: [    0.248396] acpiphp: Slot [16-6] registered
Jan 25 19:19:33 ubuntu-host kernel: [    0.248425] acpiphp: Slot [17-6] registered
Jan 25 19:19:33 ubuntu-host kernel: [    0.248448] acpiphp: Slot [18-6] registered
Jan 25 19:19:33 ubuntu-host kernel: [    0.248481] acpiphp: Slot [19-6] registered
Jan 25 19:19:33 ubuntu-host kernel: [    0.248505] acpiphp: Slot [20-6] registered
Jan 25 19:19:33 ubuntu-host kernel: [    0.248527] acpiphp: Slot [21-6] registered
Jan 25 19:19:33 ubuntu-host kernel: [    0.248550] acpiphp: Slot [22-6] registered
Jan 25 19:19:33 ubuntu-host kernel: [    0.248572] acpiphp: Slot [23-6] registered
Jan 25 19:19:33 ubuntu-host kernel: [    0.248617] acpiphp: Slot [24-6] registered
Jan 25 19:19:33 ubuntu-host kernel: [    0.248641] acpiphp: Slot [25-6] registered
Jan 25 19:19:33 ubuntu-host kernel: [    0.248680] acpiphp: Slot [26-6] registered
Jan 25 19:19:33 ubuntu-host kernel: [    0.248708] acpiphp: Slot [27-6] registered
Jan 25 19:19:33 ubuntu-host kernel: [    0.248731] acpiphp: Slot [28-6] registered
Jan 25 19:19:33 ubuntu-host kernel: [    0.248757] acpiphp: Slot [29-6] registered
Jan 25 19:19:33 ubuntu-host kernel: [    0.248787] acpiphp: Slot [30-6] registered
Jan 25 19:19:33 ubuntu-host kernel: [    0.248815] acpiphp: Slot [31-6] registered
Jan 25 19:19:33 ubuntu-host kernel: [    0.249037] pci 0000:00:07.0: PCI bridge to [bus 05]
Jan 25 19:19:33 ubuntu-host kernel: [    0.249052] pci 0000:00:07.0:   bridge window [io  0x1000-0x1fff]
Jan 25 19:19:33 ubuntu-host kernel: [    0.249066] pci 0000:00:07.0:   bridge window [mem 0xfe000000-0xfe1fffff]
Jan 25 19:19:33 ubuntu-host kernel: [    0.249104] pci 0000:00:07.0:   bridge window [mem 0xfd000000-0xfd1fffff 64bit pref]
Jan 25 19:19:33 ubuntu-host kernel: [    0.257338] ACPI: PCI Interrupt Link [LNKA] (IRQs 5 *10 11)
Jan 25 19:19:33 ubuntu-host kernel: [    0.257461] ACPI: PCI Interrupt Link [LNKB] (IRQs 5 *10 11)
Jan 25 19:19:33 ubuntu-host kernel: [    0.257547] ACPI: PCI Interrupt Link [LNKC] (IRQs 5 10 *11)
Jan 25 19:19:33 ubuntu-host kernel: [    0.257616] ACPI: PCI Interrupt Link [LNKD] (IRQs 5 10 *11)
Jan 25 19:19:33 ubuntu-host kernel: [    0.257669] ACPI: PCI Interrupt Link [LNKS] (IRQs *9)
Jan 25 19:19:33 ubuntu-host kernel: [    0.257956] ACPI: Enabled 16 GPEs in block 00 to 0F
Jan 25 19:19:33 ubuntu-host kernel: [    0.257964] ACPI: \_SB_.PCI0: notify handler is installed
Jan 25 19:19:33 ubuntu-host kernel: [    0.258015] Found 1 acpi root devices
Jan 25 19:19:33 ubuntu-host kernel: [    0.258347] vgaarb: device added: PCI:0000:00:02.0,decodes=io+mem,owns=io+mem,locks=none
Jan 25 19:19:33 ubuntu-host kernel: [    0.258350] vgaarb: loaded
Jan 25 19:19:33 ubuntu-host kernel: [    0.258351] vgaarb: bridge control possible 0000:00:02.0
Jan 25 19:19:33 ubuntu-host kernel: [    0.258580] SCSI subsystem initialized
Jan 25 19:19:33 ubuntu-host kernel: [    0.258725] libata version 3.00 loaded.
Jan 25 19:19:33 ubuntu-host kernel: [    0.258749] ACPI: bus type USB registered
Jan 25 19:19:33 ubuntu-host kernel: [    0.258773] usbcore: registered new interface driver usbfs
Jan 25 19:19:33 ubuntu-host kernel: [    0.258787] usbcore: registered new interface driver hub
Jan 25 19:19:33 ubuntu-host kernel: [    0.258813] usbcore: registered new device driver usb
Jan 25 19:19:33 ubuntu-host kernel: [    0.259001] PCI: Using ACPI for IRQ routing
Jan 25 19:19:33 ubuntu-host kernel: [    0.259005] PCI: pci_cache_line_size set to 64 bytes
Jan 25 19:19:33 ubuntu-host kernel: [    0.259202] e820: reserve RAM buffer [mem 0x0009fc00-0x0009ffff]
Jan 25 19:19:33 ubuntu-host kernel: [    0.259206] e820: reserve RAM buffer [mem 0x3ffe0000-0x3fffffff]
Jan 25 19:19:33 ubuntu-host kernel: [    0.259376] NetLabel: Initializing
Jan 25 19:19:33 ubuntu-host kernel: [    0.259380] NetLabel:  domain hash size = 128
Jan 25 19:19:33 ubuntu-host kernel: [    0.259381] NetLabel:  protocols = UNLABELED CIPSOv4
Jan 25 19:19:33 ubuntu-host kernel: [    0.259400] NetLabel:  unlabeled traffic allowed by default
Jan 25 19:19:33 ubuntu-host kernel: [    0.259524] HPET: 3 timers in total, 0 timers will be used for per-cpu timer
Jan 25 19:19:33 ubuntu-host kernel: [    0.259544] hpet0: at MMIO 0xfed00000, IRQs 2, 8, 0
Jan 25 19:19:33 ubuntu-host kernel: [    0.259549] hpet0: 3 comparators, 64-bit 100.000000 MHz counter
Jan 25 19:19:33 ubuntu-host kernel: [    0.262170] Switched to clocksource kvm-clock
Jan 25 19:19:33 ubuntu-host kernel: [    0.269632] AppArmor: AppArmor Filesystem Enabled
Jan 25 19:19:33 ubuntu-host kernel: [    0.269654] pnp: PnP ACPI init
Jan 25 19:19:33 ubuntu-host kernel: [    0.269668] ACPI: bus type PNP registered
Jan 25 19:19:33 ubuntu-host kernel: [    0.269762] pnp 00:00: Plug and Play ACPI device, IDs PNP0b00 (active)
Jan 25 19:19:33 ubuntu-host kernel: [    0.269811] pnp 00:01: Plug and Play ACPI device, IDs PNP0303 (active)
Jan 25 19:19:33 ubuntu-host kernel: [    0.269844] pnp 00:02: Plug and Play ACPI device, IDs PNP0f13 (active)
Jan 25 19:19:33 ubuntu-host kernel: [    0.269876] pnp 00:03: [dma 2]
Jan 25 19:19:33 ubuntu-host kernel: [    0.269890] pnp 00:03: Plug and Play ACPI device, IDs PNP0700 (active)
Jan 25 19:19:33 ubuntu-host kernel: [    0.269962] pnp 00:04: Plug and Play ACPI device, IDs PNP0501 (active)
Jan 25 19:19:33 ubuntu-host kernel: [    0.270195] pnp 00:05: Plug and Play ACPI device, IDs PNP0103 (active)
Jan 25 19:19:33 ubuntu-host kernel: [    0.270303] pnp 00:06: Plug and Play ACPI device, IDs PNP0a06 (active)
Jan 25 19:19:33 ubuntu-host kernel: [    0.270309] pnp: PnP ACPI: found 7 devices
Jan 25 19:19:33 ubuntu-host kernel: [    0.270311] ACPI: bus type PNP unregistered
Jan 25 19:19:33 ubuntu-host kernel: [    0.283713] pci 0000:00:03.0: PCI bridge to [bus 01]
Jan 25 19:19:33 ubuntu-host kernel: [    0.283730] pci 0000:00:03.0:   bridge window [io  0x5000-0x5fff]
Jan 25 19:19:33 ubuntu-host kernel: [    0.285956] pci 0000:00:03.0:   bridge window [mem 0xfe800000-0xfe9fffff]
Jan 25 19:19:33 ubuntu-host kernel: [    0.287402] pci 0000:00:03.0:   bridge window [mem 0xfd800000-0xfd9fffff 64bit pref]
Jan 25 19:19:33 ubuntu-host kernel: [    0.290348] pci 0000:00:04.0: PCI bridge to [bus 02]
Jan 25 19:19:33 ubuntu-host kernel: [    0.290362] pci 0000:00:04.0:   bridge window [io  0x4000-0x4fff]
Jan 25 19:19:33 ubuntu-host kernel: [    0.292602] pci 0000:00:04.0:   bridge window [mem 0xfe600000-0xfe7fffff]
Jan 25 19:19:33 ubuntu-host kernel: [    0.294068] pci 0000:00:04.0:   bridge window [mem 0xfd600000-0xfd7fffff 64bit pref]
Jan 25 19:19:33 ubuntu-host kernel: [    0.297173] pci 0000:00:05.0: PCI bridge to [bus 03]
Jan 25 19:19:33 ubuntu-host kernel: [    0.297188] pci 0000:00:05.0:   bridge window [io  0x3000-0x3fff]
Jan 25 19:19:33 ubuntu-host kernel: [    0.299421] pci 0000:00:05.0:   bridge window [mem 0xfe400000-0xfe5fffff]
Jan 25 19:19:33 ubuntu-host kernel: [    0.300897] pci 0000:00:05.0:   bridge window [mem 0xfd400000-0xfd5fffff 64bit pref]
Jan 25 19:19:33 ubuntu-host kernel: [    0.303860] pci 0000:00:06.0: PCI bridge to [bus 04]
Jan 25 19:19:33 ubuntu-host kernel: [    0.303875] pci 0000:00:06.0:   bridge window [io  0x2000-0x2fff]
Jan 25 19:19:33 ubuntu-host kernel: [    0.306076] pci 0000:00:06.0:   bridge window [mem 0xfe200000-0xfe3fffff]
Jan 25 19:19:33 ubuntu-host kernel: [    0.307506] pci 0000:00:06.0:   bridge window [mem 0xfd200000-0xfd3fffff 64bit pref]
Jan 25 19:19:33 ubuntu-host kernel: [    0.310408] pci 0000:00:07.0: PCI bridge to [bus 05]
Jan 25 19:19:33 ubuntu-host kernel: [    0.310422] pci 0000:00:07.0:   bridge window [io  0x1000-0x1fff]
Jan 25 19:19:33 ubuntu-host kernel: [    0.312619] pci 0000:00:07.0:   bridge window [mem 0xfe000000-0xfe1fffff]
Jan 25 19:19:33 ubuntu-host kernel: [    0.314091] pci 0000:00:07.0:   bridge window [mem 0xfd000000-0xfd1fffff 64bit pref]
Jan 25 19:19:33 ubuntu-host kernel: [    0.317001] pci_bus 0000:00: resource 4 [io  0x0000-0x0cf7]
Jan 25 19:19:33 ubuntu-host kernel: [    0.317003] pci_bus 0000:00: resource 5 [io  0x0d00-0xadff]
Jan 25 19:19:33 ubuntu-host kernel: [    0.317005] pci_bus 0000:00: resource 6 [io  0xae0f-0xaeff]
Jan 25 19:19:33 ubuntu-host kernel: [    0.317006] pci_bus 0000:00: resource 7 [io  0xaf20-0xafdf]
Jan 25 19:19:33 ubuntu-host kernel: [    0.317007] pci_bus 0000:00: resource 8 [io  0xafe4-0xffff]
Jan 25 19:19:33 ubuntu-host kernel: [    0.317009] pci_bus 0000:00: resource 9 [mem 0x000a0000-0x000bffff]
Jan 25 19:19:33 ubuntu-host kernel: [    0.317010] pci_bus 0000:00: resource 10 [mem 0x40000000-0xfebfffff]
Jan 25 19:19:33 ubuntu-host kernel: [    0.317012] pci_bus 0000:01: resource 0 [io  0x5000-0x5fff]
Jan 25 19:19:33 ubuntu-host kernel: [    0.317013] pci_bus 0000:01: resource 1 [mem 0xfe800000-0xfe9fffff]
Jan 25 19:19:33 ubuntu-host kernel: [    0.317014] pci_bus 0000:01: resource 2 [mem 0xfd800000-0xfd9fffff 64bit pref]
Jan 25 19:19:33 ubuntu-host kernel: [    0.317016] pci_bus 0000:02: resource 0 [io  0x4000-0x4fff]
Jan 25 19:19:33 ubuntu-host kernel: [    0.317017] pci_bus 0000:02: resource 1 [mem 0xfe600000-0xfe7fffff]
Jan 25 19:19:33 ubuntu-host kernel: [    0.317019] pci_bus 0000:02: resource 2 [mem 0xfd600000-0xfd7fffff 64bit pref]
Jan 25 19:19:33 ubuntu-host kernel: [    0.317020] pci_bus 0000:03: resource 0 [io  0x3000-0x3fff]
Jan 25 19:19:33 ubuntu-host kernel: [    0.317021] pci_bus 0000:03: resource 1 [mem 0xfe400000-0xfe5fffff]
Jan 25 19:19:33 ubuntu-host kernel: [    0.317023] pci_bus 0000:03: resource 2 [mem 0xfd400000-0xfd5fffff 64bit pref]
Jan 25 19:19:33 ubuntu-host kernel: [    0.317024] pci_bus 0000:04: resource 0 [io  0x2000-0x2fff]
Jan 25 19:19:33 ubuntu-host kernel: [    0.317025] pci_bus 0000:04: resource 1 [mem 0xfe200000-0xfe3fffff]
Jan 25 19:19:33 ubuntu-host kernel: [    0.317030] pci_bus 0000:04: resource 2 [mem 0xfd200000-0xfd3fffff 64bit pref]
Jan 25 19:19:33 ubuntu-host kernel: [    0.317032] pci_bus 0000:05: resource 0 [io  0x1000-0x1fff]
Jan 25 19:19:33 ubuntu-host kernel: [    0.317033] pci_bus 0000:05: resource 1 [mem 0xfe000000-0xfe1fffff]
Jan 25 19:19:33 ubuntu-host kernel: [    0.317034] pci_bus 0000:05: resource 2 [mem 0xfd000000-0xfd1fffff 64bit pref]
Jan 25 19:19:33 ubuntu-host kernel: [    0.317079] NET: Registered protocol family 2
Jan 25 19:19:33 ubuntu-host kernel: [    0.317274] TCP established hash table entries: 8192 (order: 4, 65536 bytes)
Jan 25 19:19:33 ubuntu-host kernel: [    0.317298] TCP bind hash table entries: 8192 (order: 5, 131072 bytes)
Jan 25 19:19:33 ubuntu-host kernel: [    0.317318] TCP: Hash tables configured (established 8192 bind 8192)
Jan 25 19:19:33 ubuntu-host kernel: [    0.317360] TCP: reno registered
Jan 25 19:19:33 ubuntu-host kernel: [    0.317364] UDP hash table entries: 512 (order: 2, 16384 bytes)
Jan 25 19:19:33 ubuntu-host kernel: [    0.317380] UDP-Lite hash table entries: 512 (order: 2, 16384 bytes)
Jan 25 19:19:33 ubuntu-host kernel: [    0.317447] NET: Registered protocol family 1
Jan 25 19:19:33 ubuntu-host kernel: [    0.317465] pci 0000:00:00.0: Limiting direct PCI/PCI transfers
Jan 25 19:19:33 ubuntu-host kernel: [    0.317482] pci 0000:00:01.0: PIIX3: Enabling Passive Release
Jan 25 19:19:33 ubuntu-host kernel: [    0.317499] pci 0000:00:01.0: Activating ISA DMA hang workarounds
Jan 25 19:19:33 ubuntu-host kernel: [    0.317533] pci 0000:00:02.0: Boot video device
Jan 25 19:19:33 ubuntu-host kernel: [    0.336155] ACPI: PCI Interrupt Link [LNKC] enabled at IRQ 11
Jan 25 19:19:33 ubuntu-host kernel: [    0.354919] PCI: CLS 0 bytes, default 64
Jan 25 19:19:33 ubuntu-host kernel: [    0.355040] Trying to unpack rootfs image as initramfs...
Jan 25 19:19:33 ubuntu-host kernel: [    0.744123] Freeing initrd memory: 19496K (ffff8800359dc000 - ffff880036ce6000)
Jan 25 19:19:33 ubuntu-host kernel: [    0.744393] microcode: CPU0 sig=0x306c1, pf=0x1, revision=0x1
Jan 25 19:19:33 ubuntu-host kernel: [    0.744489] microcode: Microcode Update Driver: v2.00 <tigran@aivazian.fsnet.co.uk>, Peter Oruba
Jan 25 19:19:33 ubuntu-host kernel: [    0.744494] Scanning for low memory corruption every 60 seconds
Jan 25 19:19:33 ubuntu-host kernel: [    0.744932] Initialise system trusted keyring
Jan 25 19:19:33 ubuntu-host kernel: [    0.744990] audit: initializing netlink socket (disabled)
Jan 25 19:19:33 ubuntu-host kernel: [    0.745012] type=2000 audit(1422231567.766:1): initialized
Jan 25 19:19:33 ubuntu-host kernel: [    0.769774] HugeTLB registered 2 MB page size, pre-allocated 0 pages
Jan 25 19:19:33 ubuntu-host kernel: [    0.771586] VFS: Disk quotas dquot_6.5.2
Jan 25 19:19:33 ubuntu-host kernel: [    0.771670] Dquot-cache hash table entries: 512 (order 0, 4096 bytes)
Jan 25 19:19:33 ubuntu-host kernel: [    0.772365] fuse init (API version 7.22)
Jan 25 19:19:33 ubuntu-host kernel: [    0.772505] msgmni has been set to 1982
Jan 25 19:19:33 ubuntu-host kernel: [    0.772615] Key type big_key registered
Jan 25 19:19:33 ubuntu-host kernel: [    0.773503] Key type asymmetric registered
Jan 25 19:19:33 ubuntu-host kernel: [    0.773511] Asymmetric key parser 'x509' registered
Jan 25 19:19:33 ubuntu-host kernel: [    0.773573] Block layer SCSI generic (bsg) driver version 0.4 loaded (major 252)
Jan 25 19:19:33 ubuntu-host kernel: [    0.773696] io scheduler noop registered
Jan 25 19:19:33 ubuntu-host kernel: [    0.773699] io scheduler deadline registered (default)
Jan 25 19:19:33 ubuntu-host kernel: [    0.773737] io scheduler cfq registered
Jan 25 19:19:33 ubuntu-host kernel: [    0.773926] pci_hotplug: PCI Hot Plug PCI Core version: 0.5
Jan 25 19:19:33 ubuntu-host kernel: [    0.773947] pciehp: PCI Express Hot Plug Controller Driver version: 0.4
Jan 25 19:19:33 ubuntu-host kernel: [    0.774019] efifb: probing for efifb
Jan 25 19:19:33 ubuntu-host kernel: [    0.774133] efifb: framebuffer at 0xfc000000, mapped to 0xffffc90000200000, using 1408k, total 1408k
Jan 25 19:19:33 ubuntu-host kernel: [    0.774135] efifb: mode is 800x600x24, linelength=2400, pages=1
Jan 25 19:19:33 ubuntu-host kernel: [    0.774137] efifb: scrolling: redraw
Jan 25 19:19:33 ubuntu-host kernel: [    0.774140] efifb: Truecolor: size=0:8:8:8, shift=0:16:8:0
Jan 25 19:19:33 ubuntu-host kernel: [    0.776788] Console: switching to colour frame buffer device 100x37
Jan 25 19:19:33 ubuntu-host kernel: [    0.778459] fb0: EFI VGA frame buffer device
Jan 25 19:19:33 ubuntu-host kernel: [    0.778527] intel_idle: does not run on family 6 model 60
Jan 25 19:19:33 ubuntu-host kernel: [    0.778560] ipmi message handler version 39.2
Jan 25 19:19:33 ubuntu-host kernel: [    0.778782] input: Power Button as /devices/LNXSYSTM:00/LNXPWRBN:00/input/input0
Jan 25 19:19:33 ubuntu-host kernel: [    0.778841] ACPI: Power Button [PWRF]
Jan 25 19:19:33 ubuntu-host kernel: [    0.779160] GHES: HEST is not enabled!
Jan 25 19:19:33 ubuntu-host kernel: [    0.802648] ACPI: PCI Interrupt Link [LNKA] enabled at IRQ 10
Jan 25 19:19:33 ubuntu-host kernel: [    0.803977] Serial: 8250/16550 driver, 32 ports, IRQ sharing enabled
Jan 25 19:19:33 ubuntu-host kernel: [    0.828029] 00:04: ttyS0 at I/O 0x3f8 (irq = 4, base_baud = 115200) is a 16550A
Jan 25 19:19:33 ubuntu-host kernel: [    0.830002] virtio-pci 0000:00:09.0: irq 40 for MSI/MSI-X
Jan 25 19:19:33 ubuntu-host kernel: [    0.830023] virtio-pci 0000:00:09.0: irq 41 for MSI/MSI-X
Jan 25 19:19:33 ubuntu-host kernel: [    0.834259] Linux agpgart interface v0.103
Jan 25 19:19:33 ubuntu-host kernel: [    0.836028] brd: module loaded
Jan 25 19:19:33 ubuntu-host kernel: [    0.836812] loop: module loaded
Jan 25 19:19:33 ubuntu-host kernel: [    0.837000] ata_piix 0000:00:01.1: version 2.13
Jan 25 19:19:33 ubuntu-host kernel: [    0.838506] scsi0 : ata_piix
Jan 25 19:19:33 ubuntu-host kernel: [    0.839478] scsi1 : ata_piix
Jan 25 19:19:33 ubuntu-host kernel: [    0.840387] ata1: PATA max MWDMA2 cmd 0x1f0 ctl 0x3f6 bmdma 0x6140 irq 14
Jan 25 19:19:33 ubuntu-host kernel: [    0.841262] ata2: PATA max MWDMA2 cmd 0x170 ctl 0x376 bmdma 0x6148 irq 15
Jan 25 19:19:33 ubuntu-host kernel: [    0.842700] libphy: Fixed MDIO Bus: probed
Jan 25 19:19:33 ubuntu-host kernel: [    0.843617] tun: Universal TUN/TAP device driver, 1.6
Jan 25 19:19:33 ubuntu-host kernel: [    0.844433] tun: (C) 1999-2004 Max Krasnyansky <maxk@qualcomm.com>
Jan 25 19:19:33 ubuntu-host kernel: [    0.845547] PPP generic driver version 2.4.2
Jan 25 19:19:33 ubuntu-host kernel: [    0.846596] ehci_hcd: USB 2.0 'Enhanced' Host Controller (EHCI) Driver
Jan 25 19:19:33 ubuntu-host kernel: [    0.847680] ehci-pci: EHCI PCI platform driver
Jan 25 19:19:33 ubuntu-host kernel: [    0.848569] ehci-platform: EHCI generic platform driver
Jan 25 19:19:33 ubuntu-host kernel: [    0.849427] ohci_hcd: USB 1.1 'Open' Host Controller (OHCI) Driver
Jan 25 19:19:33 ubuntu-host kernel: [    0.850250] ohci-pci: OHCI PCI platform driver
Jan 25 19:19:33 ubuntu-host kernel: [    0.851089] ohci-platform: OHCI generic platform driver
Jan 25 19:19:33 ubuntu-host kernel: [    0.851938] uhci_hcd: USB Universal Host Controller Interface driver
Jan 25 19:19:33 ubuntu-host kernel: [    0.873950] uhci_hcd 0000:00:08.0: UHCI Host Controller
Jan 25 19:19:33 ubuntu-host kernel: [    0.874724] uhci_hcd 0000:00:08.0: new USB bus registered, assigned bus number 1
Jan 25 19:19:33 ubuntu-host kernel: [    0.875581] uhci_hcd 0000:00:08.0: irq 11, io base 0x00006100
Jan 25 19:19:33 ubuntu-host kernel: [    0.876392] usb usb1: New USB device found, idVendor=1d6b, idProduct=0001
Jan 25 19:19:33 ubuntu-host kernel: [    0.877111] usb usb1: New USB device strings: Mfr=3, Product=2, SerialNumber=1
Jan 25 19:19:33 ubuntu-host kernel: [    0.877820] usb usb1: Product: UHCI Host Controller
Jan 25 19:19:33 ubuntu-host kernel: [    0.878550] usb usb1: Manufacturer: Linux 3.13.0-24-generic uhci_hcd
Jan 25 19:19:33 ubuntu-host kernel: [    0.879249] usb usb1: SerialNumber: 0000:00:08.0
Jan 25 19:19:33 ubuntu-host kernel: [    0.880361] hub 1-0:1.0: USB hub found
Jan 25 19:19:33 ubuntu-host kernel: [    0.881057] hub 1-0:1.0: 2 ports detected
Jan 25 19:19:33 ubuntu-host kernel: [    0.882233] i8042: PNP: PS/2 Controller [PNP0303:KBD,PNP0f13:MOU] at 0x60,0x64 irq 1,12
Jan 25 19:19:33 ubuntu-host kernel: [    0.883664] serio: i8042 KBD port at 0x60,0x64 irq 1
Jan 25 19:19:33 ubuntu-host kernel: [    0.884444] serio: i8042 AUX port at 0x60,0x64 irq 12
Jan 25 19:19:33 ubuntu-host kernel: [    0.885332] mousedev: PS/2 mouse device common for all mice
Jan 25 19:19:33 ubuntu-host kernel: [    0.886359] input: AT Translated Set 2 keyboard as /devices/platform/i8042/serio0/input/input1
Jan 25 19:19:33 ubuntu-host kernel: [    0.887441] rtc_cmos 00:00: RTC can wake from S4
Jan 25 19:19:33 ubuntu-host kernel: [    0.888531] rtc_cmos 00:00: rtc core: registered rtc_cmos as rtc0
Jan 25 19:19:33 ubuntu-host kernel: [    0.889456] rtc_cmos 00:00: alarms up to one day, 114 bytes nvram, hpet irqs
Jan 25 19:19:33 ubuntu-host kernel: [    0.890265] device-mapper: uevent: version 1.0.3
Jan 25 19:19:33 ubuntu-host kernel: [    0.891068] device-mapper: ioctl: 4.27.0-ioctl (2013-10-30) initialised: dm-devel@redhat.com
Jan 25 19:19:33 ubuntu-host kernel: [    0.891870] ledtrig-cpu: registered to indicate activity on CPUs
Jan 25 19:19:33 ubuntu-host kernel: [    0.892779] TCP: cubic registered
Jan 25 19:19:33 ubuntu-host kernel: [    0.893664] NET: Registered protocol family 10
Jan 25 19:19:33 ubuntu-host kernel: [    0.894779] NET: Registered protocol family 17
Jan 25 19:19:33 ubuntu-host kernel: [    0.895586] Key type dns_resolver registered
Jan 25 19:19:33 ubuntu-host kernel: [    0.896657] Loading compiled-in X.509 certificates
Jan 25 19:19:33 ubuntu-host kernel: [    0.898285] Loaded X.509 cert 'Magrathea: Glacier signing key: 00a5a65759de474bc5c43120880c1b94a539f431'
Jan 25 19:19:33 ubuntu-host kernel: [    0.900064] registered taskstats version 1
Jan 25 19:19:33 ubuntu-host kernel: [    0.904259] Key type trusted registered
Jan 25 19:19:33 ubuntu-host kernel: [    0.907098] Key type encrypted registered
Jan 25 19:19:33 ubuntu-host kernel: [    0.909892] AppArmor: AppArmor sha1 policy hashing enabled
Jan 25 19:19:33 ubuntu-host kernel: [    0.910730] IMA: No TPM chip found, activating TPM-bypass!
Jan 25 19:19:33 ubuntu-host kernel: [    0.914665] regulator-dummy: disabling
Jan 25 19:19:33 ubuntu-host kernel: [    0.915666]   Magic number: 15:190:305
Jan 25 19:19:33 ubuntu-host kernel: [    0.916536] tty tty34: hash matches
Jan 25 19:19:33 ubuntu-host kernel: [    0.917345] acpi device:9f: hash matches
Jan 25 19:19:33 ubuntu-host kernel: [    0.918275] rtc_cmos 00:00: setting system clock to 2015-01-26 00:19:27 UTC (1422231567)
Jan 25 19:19:33 ubuntu-host kernel: [    0.919105] BIOS EDD facility v0.16 2004-Jun-25, 0 devices found
Jan 25 19:19:33 ubuntu-host kernel: [    0.919927] EDD information not available.
Jan 25 19:19:33 ubuntu-host kernel: [    0.920749] PM: Hibernation image not present or could not be loaded.
Jan 25 19:19:33 ubuntu-host kernel: [    1.001541] Freeing unused kernel memory: 1332K (ffffffff81d1e000 - ffffffff81e6b000)
Jan 25 19:19:33 ubuntu-host kernel: [    1.002782] Write protecting the kernel read-only data: 12288k
Jan 25 19:19:33 ubuntu-host kernel: [    1.005931] Freeing unused kernel memory: 844K (ffff88000172d000 - ffff880001800000)
Jan 25 19:19:33 ubuntu-host kernel: [    1.008882] Freeing unused kernel memory: 708K (ffff880001b4f000 - ffff880001c00000)
Jan 25 19:19:33 ubuntu-host kernel: [    1.092447] FDC 0 is a S82078B
Jan 25 19:19:33 ubuntu-host kernel: [    1.114394] e1000: Intel(R) PRO/1000 Network Driver - version 7.3.21-k8-NAPI
Jan 25 19:19:33 ubuntu-host kernel: [    1.115475] e1000: Copyright (c) 1999-2006 Intel Corporation.
Jan 25 19:19:33 ubuntu-host kernel: [    1.192033] usb 1-1: new full-speed USB device number 2 using uhci_hcd
Jan 25 19:19:33 ubuntu-host kernel: [    1.206993] ACPI: PCI Interrupt Link [LNKB] enabled at IRQ 10
Jan 25 19:19:33 ubuntu-host kernel: [    1.209044] sym0: <895a> rev 0x0 at pci 0000:00:0a.0 irq 10
Jan 25 19:19:33 ubuntu-host kernel: [    1.214777] sym0: No NVRAM, ID 7, Fast-40, LVD, parity checking
Jan 25 19:19:33 ubuntu-host kernel: [    1.216612] sym0: SCSI BUS has been reset.
Jan 25 19:19:33 ubuntu-host kernel: [    1.239452] scsi2 : sym-2.2.3
Jan 25 19:19:33 ubuntu-host kernel: [    1.588865] e1000 0000:04:01.0 eth0: (PCI:33MHz:32-bit) 52:54:00:96:2b:3f
Jan 25 19:19:33 ubuntu-host kernel: [    1.589985] e1000 0000:04:01.0 eth0: Intel(R) PRO/1000 Network Connection
Jan 25 19:19:33 ubuntu-host kernel: [    1.605274] usb 1-1: New USB device found, idVendor=0627, idProduct=0001
Jan 25 19:19:33 ubuntu-host kernel: [    1.606090] usb 1-1: New USB device strings: Mfr=1, Product=3, SerialNumber=5
Jan 25 19:19:33 ubuntu-host kernel: [    1.606902] usb 1-1: Product: QEMU USB Tablet
Jan 25 19:19:33 ubuntu-host kernel: [    1.607691] usb 1-1: Manufacturer: QEMU
Jan 25 19:19:33 ubuntu-host kernel: [    1.608444] usb 1-1: SerialNumber: 42
Jan 25 19:19:33 ubuntu-host kernel: [    1.615817] hidraw: raw HID events driver (C) Jiri Kosina
Jan 25 19:19:33 ubuntu-host kernel: [    1.622044] usbcore: registered new interface driver usbhid
Jan 25 19:19:33 ubuntu-host kernel: [    1.622823] usbhid: USB HID core driver
Jan 25 19:19:33 ubuntu-host kernel: [    1.626327] input: QEMU QEMU USB Tablet as /devices/pci0000:00/0000:00:08.0/usb1/1-1/1-1:1.0/input/input3
Jan 25 19:19:33 ubuntu-host kernel: [    1.628702] hid-generic 0003:0627:0001.0001: input,hidraw0: USB HID v0.01 Pointer [QEMU QEMU USB Tablet] on usb-0000:00:08.0-1/input0
Jan 25 19:19:33 ubuntu-host kernel: [    1.744065] tsc: Refined TSC clocksource calibration: 2499.935 MHz
Jan 25 19:19:33 ubuntu-host kernel: [    4.216310] sym0: unknown interrupt(s) ignored, ISTAT=0x5 DSTAT=0x80 SIST=0x0
Jan 25 19:19:33 ubuntu-host kernel: [    4.219196] scsi 2:0:0:0: Direct-Access     QEMU     QEMU HARDDISK    2.1. PQ: 0 ANSI: 5
Jan 25 19:19:33 ubuntu-host kernel: [    4.221276] scsi target2:0:0: tagged command queuing enabled, command queue depth 16.
Jan 25 19:19:33 ubuntu-host kernel: [    4.223346] scsi target2:0:0: Beginning Domain Validation
Jan 25 19:19:33 ubuntu-host kernel: [    4.226258] scsi target2:0:0: Domain Validation skipping write tests
Jan 25 19:19:33 ubuntu-host kernel: [    4.228250] scsi target2:0:0: Ending Domain Validation
Jan 25 19:19:33 ubuntu-host kernel: [    4.230645] scsi 2:0:1:0: CD-ROM            QEMU     QEMU CD-ROM      2.1. PQ: 0 ANSI: 5
Jan 25 19:19:33 ubuntu-host kernel: [    4.232688] scsi target2:0:1: tagged command queuing enabled, command queue depth 16.
Jan 25 19:19:33 ubuntu-host kernel: [    4.234687] scsi target2:0:1: Beginning Domain Validation
Jan 25 19:19:33 ubuntu-host kernel: [    4.237526] scsi target2:0:1: Domain Validation skipping write tests
Jan 25 19:19:33 ubuntu-host kernel: [    4.239504] scsi target2:0:1: Ending Domain Validation
Jan 25 19:19:33 ubuntu-host kernel: [    4.254209] sd 2:0:0:0: [sda] 16777216 512-byte logical blocks: (8.58 GB/8.00 GiB)
Jan 25 19:19:33 ubuntu-host kernel: [    4.257350] sd 2:0:0:0: Attached scsi generic sg0 type 0
Jan 25 19:19:33 ubuntu-host kernel: [    4.260142] sd 2:0:0:0: [sda] Write Protect is off
Jan 25 19:19:33 ubuntu-host kernel: [    4.262066] sd 2:0:0:0: [sda] Mode Sense: 63 00 00 08
Jan 25 19:19:33 ubuntu-host kernel: [    4.262386] sd 2:0:0:0: [sda] Write cache: enabled, read cache: enabled, doesn't support DPO or FUA
Jan 25 19:19:33 ubuntu-host kernel: [    4.267281] sr0: scsi3-mmc drive: 16x/50x cd/rw xa/form2 cdda tray
Jan 25 19:19:33 ubuntu-host kernel: [    4.269278] cdrom: Uniform CD-ROM driver Revision: 3.20
Jan 25 19:19:33 ubuntu-host kernel: [    4.272116] sr 2:0:1:0: Attached scsi CD-ROM sr0
Jan 25 19:19:33 ubuntu-host kernel: [    4.272683] sr 2:0:1:0: Attached scsi generic sg1 type 5
Jan 25 19:19:33 ubuntu-host kernel: [    4.277991]  sda: sda1 sda2 < sda5 >
Jan 25 19:19:33 ubuntu-host kernel: [    4.282025] sd 2:0:0:0: [sda] Attached SCSI disk
Jan 25 19:19:33 ubuntu-host kernel: [    4.386906] random: lvm urandom read with 35 bits of entropy available
Jan 25 19:19:33 ubuntu-host kernel: [    4.471506] bio: create slab <bio-1> at 1
Jan 25 19:19:33 ubuntu-host kernel: [    4.584065] EXT4-fs (dm-0): mounted filesystem with ordered data mode. Opts: (null)
Jan 25 19:19:33 ubuntu-host kernel: [    5.522733] Adding 1044476k swap on /dev/mapper/ubuntu--host--vg-swap_1.  Priority:-1 extents:1 across:1044476k FS
Jan 25 19:19:33 ubuntu-host kernel: [    5.576265] IPv6: ADDRCONF(NETDEV_UP): eth0: link is not ready
Jan 25 19:19:33 ubuntu-host kernel: [    5.725149] EXT4-fs (dm-0): re-mounted. Opts: errors=remount-ro
Jan 25 19:19:33 ubuntu-host kernel: [    6.179950] lp: driver loaded but no devices found
Jan 25 19:19:33 ubuntu-host kernel: [    6.200578] EXT4-fs (sda1): mounting ext2 file system using the ext4 subsystem
Jan 25 19:19:33 ubuntu-host kernel: [    6.229817] EXT4-fs (sda1): mounted filesystem without journal. Opts: (null)
Jan 25 19:19:33 ubuntu-host kernel: [    6.370028] random: nonblocking pool is initialized
Jan 25 19:19:33 ubuntu-host kernel: [    7.040041] shpchp: Standard Hot Plug PCI Controller Driver version: 0.4
Jan 25 19:19:33 ubuntu-host kernel: [    7.046265] piix4_smbus 0000:00:01.3: SMBus Host Controller at 0x700, revision 0
Jan 25 19:19:34 ubuntu-host kernel: [    7.979374] type=1400 audit(1422231574.555:2): apparmor="STATUS" operation="profile_load" profile="unconfined" name="/sbin/dhclient" pid=405 comm="apparmor_parser"
Jan 25 19:19:34 ubuntu-host kernel: [    7.979665] type=1400 audit(1422231574.555:3): apparmor="STATUS" operation="profile_load" profile="unconfined" name="/usr/lib/NetworkManager/nm-dhcp-client.action" pid=405 comm="apparmor_parser"
Jan 25 19:19:34 ubuntu-host kernel: [    7.979826] type=1400 audit(1422231574.555:4): apparmor="STATUS" operation="profile_load" profile="unconfined" name="/usr/lib/connman/scripts/dhclient-script" pid=405 comm="apparmor_parser"
Jan 25 19:19:34 ubuntu-host kernel: [    8.144576] IPv6: ADDRCONF(NETDEV_UP): eth0: link is not ready
Jan 25 19:19:34 ubuntu-host kernel: [    8.272843] input: ImExPS/2 Generic Explorer Mouse as /devices/platform/i8042/serio1/input/input4
Jan 25 19:19:35 ubuntu-host kernel: [    8.605459] type=1400 audit(1422231575.183:5): apparmor="STATUS" operation="profile_replace" profile="unconfined" name="/sbin/dhclient" pid=460 comm="apparmor_parser"
Jan 25 19:19:35 ubuntu-host kernel: [    8.605597] type=1400 audit(1422231575.183:6): apparmor="STATUS" operation="profile_replace" profile="unconfined" name="/usr/lib/NetworkManager/nm-dhcp-client.action" pid=460 comm="apparmor_parser"
Jan 25 19:19:35 ubuntu-host kernel: [    8.605688] type=1400 audit(1422231575.183:7): apparmor="STATUS" operation="profile_replace" profile="unconfined" name="/usr/lib/connman/scripts/dhclient-script" pid=460 comm="apparmor_parser"
Jan 25 19:19:36 ubuntu-host kernel: [   10.148751] e1000: eth0 NIC Link is Up 1000 Mbps Full Duplex, Flow Control: RX
Jan 25 19:19:36 ubuntu-host kernel: [   10.149664] IPv6: ADDRCONF(NETDEV_CHANGE): eth0: link becomes ready
Jan 25 19:19:38 ubuntu-host kernel: [   11.572273] type=1400 audit(1422231578.151:8): apparmor="STATUS" operation="profile_replace" profile="unconfined" name="/sbin/dhclient" pid=863 comm="apparmor_parser"
Jan 25 19:19:38 ubuntu-host kernel: [   11.572286] type=1400 audit(1422231578.151:9): apparmor="STATUS" operation="profile_replace" profile="unconfined" name="/usr/lib/NetworkManager/nm-dhcp-client.action" pid=863 comm="apparmor_parser"
Jan 25 19:19:38 ubuntu-host kernel: [   11.572293] type=1400 audit(1422231578.151:10): apparmor="STATUS" operation="profile_replace" profile="unconfined" name="/usr/lib/connman/scripts/dhclient-script" pid=863 comm="apparmor_parser"
Jan 25 19:19:38 ubuntu-host kernel: [   11.573015] type=1400 audit(1422231578.151:11): apparmor="STATUS" operation="profile_replace" profile="unconfined" name="/usr/lib/NetworkManager/nm-dhcp-client.action" pid=863 comm="apparmor_parser"
Jan 28 02:39:15 ubuntu-host kernel: [    0.000000] Initializing cgroup subsys cpuset
Jan 28 02:39:15 ubuntu-host kernel: [    0.000000] Initializing cgroup subsys cpu
Jan 28 02:39:15 ubuntu-host kernel: [    0.000000] Initializing cgroup subsys cpuacct
Jan 28 02:39:15 ubuntu-host kernel: [    0.000000] Linux version 3.13.0-24-generic (buildd@panlong) (gcc version 4.8.2 (Ubuntu 4.8.2-19ubuntu1) ) #46-Ubuntu SMP Thu Apr 10 19:11:08 UTC 2014 (Ubuntu 3.13.0-24.46-generic 3.13.9)
Jan 28 02:39:15 ubuntu-host kernel: [    0.000000] Command line: BOOT_IMAGE=/vmlinuz-3.13.0-24-generic root=/dev/mapper/ubuntu--host--vg-root ro
Jan 28 02:39:15 ubuntu-host kernel: [    0.000000] KERNEL supported cpus:
Jan 28 02:39:15 ubuntu-host kernel: [    0.000000]   Intel GenuineIntel
Jan 28 02:39:15 ubuntu-host kernel: [    0.000000]   AMD AuthenticAMD
Jan 28 02:39:15 ubuntu-host kernel: [    0.000000]   Centaur CentaurHauls
Jan 28 02:39:15 ubuntu-host kernel: [    0.000000] e820: BIOS-provided physical RAM map:
Jan 28 02:39:15 ubuntu-host kernel: [    0.000000] BIOS-e820: [mem 0x0000000000000000-0x000000000009fbff] usable
Jan 28 02:39:15 ubuntu-host kernel: [    0.000000] BIOS-e820: [mem 0x000000000009fc00-0x000000000009ffff] reserved
Jan 28 02:39:15 ubuntu-host kernel: [    0.000000] BIOS-e820: [mem 0x00000000000f0000-0x00000000000fffff] reserved
Jan 28 02:39:15 ubuntu-host kernel: [    0.000000] BIOS-e820: [mem 0x0000000000100000-0x000000001ffdffff] usable
Jan 28 02:39:15 ubuntu-host kernel: [    0.000000] BIOS-e820: [mem 0x000000001ffe0000-0x000000001fffffff] reserved
Jan 28 02:39:15 ubuntu-host kernel: [    0.000000] BIOS-e820: [mem 0x00000000feffc000-0x00000000feffffff] reserved
Jan 28 02:39:15 ubuntu-host kernel: [    0.000000] BIOS-e820: [mem 0x00000000fffc0000-0x00000000ffffffff] reserved
Jan 28 02:39:15 ubuntu-host kernel: [    0.000000] NX (Execute Disable) protection: active
Jan 28 02:39:15 ubuntu-host kernel: [    0.000000] SMBIOS 2.8 present.
Jan 28 02:39:15 ubuntu-host kernel: [    0.000000] DMI: QEMU Standard PC (i440FX + PIIX, 1996), BIOS rel-1.7.5-0-ge51488c-20140602_164612-nilsson.home.kraxel.org 04/01/2014
Jan 28 02:39:15 ubuntu-host kernel: [    0.000000] Hypervisor detected: KVM
Jan 28 02:39:15 ubuntu-host kernel: [    0.000000] e820: update [mem 0x00000000-0x00000fff] usable ==> reserved
Jan 28 02:39:15 ubuntu-host kernel: [    0.000000] e820: remove [mem 0x000a0000-0x000fffff] usable
Jan 28 02:39:15 ubuntu-host kernel: [    0.000000] No AGP bridge found
Jan 28 02:39:15 ubuntu-host kernel: [    0.000000] e820: last_pfn = 0x1ffe0 max_arch_pfn = 0x400000000
Jan 28 02:39:15 ubuntu-host kernel: [    0.000000] MTRR default type: write-back
Jan 28 02:39:15 ubuntu-host kernel: [    0.000000] MTRR fixed ranges enabled:
Jan 28 02:39:15 ubuntu-host kernel: [    0.000000]   00000-9FFFF write-back
Jan 28 02:39:15 ubuntu-host kernel: [    0.000000]   A0000-BFFFF uncachable
Jan 28 02:39:15 ubuntu-host kernel: [    0.000000]   C0000-FFFFF write-protect
Jan 28 02:39:15 ubuntu-host kernel: [    0.000000] MTRR variable ranges enabled:
Jan 28 02:39:15 ubuntu-host kernel: [    0.000000]   0 base 0080000000 mask FF80000000 uncachable
Jan 28 02:39:15 ubuntu-host kernel: [    0.000000]   1 disabled
Jan 28 02:39:15 ubuntu-host kernel: [    0.000000]   2 disabled
Jan 28 02:39:15 ubuntu-host kernel: [    0.000000]   3 disabled
Jan 28 02:39:15 ubuntu-host kernel: [    0.000000]   4 disabled
Jan 28 02:39:15 ubuntu-host kernel: [    0.000000]   5 disabled
Jan 28 02:39:15 ubuntu-host kernel: [    0.000000]   6 disabled
Jan 28 02:39:15 ubuntu-host kernel: [    0.000000]   7 disabled
Jan 28 02:39:15 ubuntu-host kernel: [    0.000000] x86 PAT enabled: cpu 0, old 0x7040600070406, new 0x7010600070106
Jan 28 02:39:15 ubuntu-host kernel: [    0.000000] found SMP MP-table at [mem 0x000f0e70-0x000f0e7f] mapped at [ffff8800000f0e70]
Jan 28 02:39:15 ubuntu-host kernel: [    0.000000] Scanning 1 areas for low memory corruption
Jan 28 02:39:15 ubuntu-host kernel: [    0.000000] Base memory trampoline at [ffff880000099000] 99000 size 24576
Jan 28 02:39:15 ubuntu-host kernel: [    0.000000] init_memory_mapping: [mem 0x00000000-0x000fffff]
Jan 28 02:39:15 ubuntu-host kernel: [    0.000000]  [mem 0x00000000-0x000fffff] page 4k
Jan 28 02:39:15 ubuntu-host kernel: [    0.000000] BRK [0x01fdd000, 0x01fddfff] PGTABLE
Jan 28 02:39:15 ubuntu-host kernel: [    0.000000] BRK [0x01fde000, 0x01fdefff] PGTABLE
Jan 28 02:39:15 ubuntu-host kernel: [    0.000000] BRK [0x01fdf000, 0x01fdffff] PGTABLE
Jan 28 02:39:15 ubuntu-host kernel: [    0.000000] init_memory_mapping: [mem 0x1fc00000-0x1fdfffff]
Jan 28 02:39:15 ubuntu-host kernel: [    0.000000]  [mem 0x1fc00000-0x1fdfffff] page 2M
Jan 28 02:39:15 ubuntu-host kernel: [    0.000000] init_memory_mapping: [mem 0x1c000000-0x1fbfffff]
Jan 28 02:39:15 ubuntu-host kernel: [    0.000000]  [mem 0x1c000000-0x1fbfffff] page 2M
Jan 28 02:39:15 ubuntu-host kernel: [    0.000000] init_memory_mapping: [mem 0x00100000-0x1bffffff]
Jan 28 02:39:15 ubuntu-host kernel: [    0.000000]  [mem 0x00100000-0x001fffff] page 4k
Jan 28 02:39:15 ubuntu-host kernel: [    0.000000]  [mem 0x00200000-0x1bffffff] page 2M
Jan 28 02:39:15 ubuntu-host kernel: [    0.000000] init_memory_mapping: [mem 0x1fe00000-0x1ffdffff]
Jan 28 02:39:15 ubuntu-host kernel: [    0.000000]  [mem 0x1fe00000-0x1ffdffff] page 4k
Jan 28 02:39:15 ubuntu-host kernel: [    0.000000] BRK [0x01fe0000, 0x01fe0fff] PGTABLE
Jan 28 02:39:15 ubuntu-host kernel: [    0.000000] RAMDISK: [mem 0x1e23f000-0x1f548fff]
Jan 28 02:39:15 ubuntu-host kernel: [    0.000000] ACPI: RSDP 00000000000f0c70 000014 (v00 BOCHS )
Jan 28 02:39:15 ubuntu-host kernel: [    0.000000] ACPI: RSDT 000000001ffe3cc6 000034 (v01 BOCHS  BXPCRSDT 00000001 BXPC 00000001)
Jan 28 02:39:15 ubuntu-host kernel: [    0.000000] ACPI: FACP 000000001ffe0b37 000074 (v01 BOCHS  BXPCFACP 00000001 BXPC 00000001)
Jan 28 02:39:15 ubuntu-host kernel: [    0.000000] ACPI: DSDT 000000001ffe0040 000AF7 (v01 BOCHS  BXPCDSDT 00000001 BXPC 00000001)
Jan 28 02:39:15 ubuntu-host kernel: [    0.000000] ACPI: FACS 000000001ffe0000 000040
Jan 28 02:39:15 ubuntu-host kernel: [    0.000000] ACPI: SSDT 000000001ffe0bab 00306B (v01 BOCHS  BXPCSSDT 00000001 BXPC 00000001)
Jan 28 02:39:15 ubuntu-host kernel: [    0.000000] ACPI: APIC 000000001ffe3c16 000078 (v01 BOCHS  BXPCAPIC 00000001 BXPC 00000001)
Jan 28 02:39:15 ubuntu-host kernel: [    0.000000] ACPI: HPET 000000001ffe3c8e 000038 (v01 BOCHS  BXPCHPET 00000001 BXPC 00000001)
Jan 28 02:39:15 ubuntu-host kernel: [    0.000000] ACPI: Local APIC address 0xfee00000
Jan 28 02:39:15 ubuntu-host kernel: [    0.000000] No NUMA configuration found
Jan 28 02:39:15 ubuntu-host kernel: [    0.000000] Faking a node at [mem 0x0000000000000000-0x000000001ffdffff]
Jan 28 02:39:15 ubuntu-host kernel: [    0.000000] Initmem setup node 0 [mem 0x00000000-0x1ffdffff]
Jan 28 02:39:15 ubuntu-host kernel: [    0.000000]   NODE_DATA [mem 0x1ffdb000-0x1ffdffff]
Jan 28 02:39:15 ubuntu-host kernel: [    0.000000] kvm-clock: Using msrs 4b564d01 and 4b564d00
Jan 28 02:39:15 ubuntu-host kernel: [    0.000000] kvm-clock: cpu 0, msr 0:1ffd7001, boot clock
Jan 28 02:39:15 ubuntu-host kernel: [    0.000000]  [ffffea0000000000-ffffea00007fffff] PMD -> [ffff88001da00000-ffff88001e1fffff] on node 0
Jan 28 02:39:15 ubuntu-host kernel: [    0.000000] Zone ranges:
Jan 28 02:39:15 ubuntu-host kernel: [    0.000000]   DMA      [mem 0x00001000-0x00ffffff]
Jan 28 02:39:15 ubuntu-host kernel: [    0.000000]   DMA32    [mem 0x01000000-0xffffffff]
Jan 28 02:39:15 ubuntu-host kernel: [    0.000000]   Normal   empty
Jan 28 02:39:15 ubuntu-host kernel: [    0.000000] Movable zone start for each node
Jan 28 02:39:15 ubuntu-host kernel: [    0.000000] Early memory node ranges
Jan 28 02:39:15 ubuntu-host kernel: [    0.000000]   node   0: [mem 0x00001000-0x0009efff]
Jan 28 02:39:15 ubuntu-host kernel: [    0.000000]   node   0: [mem 0x00100000-0x1ffdffff]
Jan 28 02:39:15 ubuntu-host kernel: [    0.000000] On node 0 totalpages: 130942
Jan 28 02:39:15 ubuntu-host kernel: [    0.000000]   DMA zone: 64 pages used for memmap
Jan 28 02:39:15 ubuntu-host kernel: [    0.000000]   DMA zone: 21 pages reserved
Jan 28 02:39:15 ubuntu-host kernel: [    0.000000]   DMA zone: 3998 pages, LIFO batch:0
Jan 28 02:39:15 ubuntu-host kernel: [    0.000000]   DMA32 zone: 1984 pages used for memmap
Jan 28 02:39:15 ubuntu-host kernel: [    0.000000]   DMA32 zone: 126944 pages, LIFO batch:31
Jan 28 02:39:15 ubuntu-host kernel: [    0.000000] ACPI: PM-Timer IO Port: 0x608
Jan 28 02:39:15 ubuntu-host kernel: [    0.000000] ACPI: Local APIC address 0xfee00000
Jan 28 02:39:15 ubuntu-host kernel: [    0.000000] ACPI: LAPIC (acpi_id[0x00] lapic_id[0x00] enabled)
Jan 28 02:39:15 ubuntu-host kernel: [    0.000000] ACPI: LAPIC_NMI (acpi_id[0xff] dfl dfl lint[0x1])
Jan 28 02:39:15 ubuntu-host kernel: [    0.000000] ACPI: IOAPIC (id[0x00] address[0xfec00000] gsi_base[0])
Jan 28 02:39:15 ubuntu-host kernel: [    0.000000] IOAPIC[0]: apic_id 0, version 17, address 0xfec00000, GSI 0-23
Jan 28 02:39:15 ubuntu-host kernel: [    0.000000] ACPI: INT_SRC_OVR (bus 0 bus_irq 0 global_irq 2 dfl dfl)
Jan 28 02:39:15 ubuntu-host kernel: [    0.000000] ACPI: INT_SRC_OVR (bus 0 bus_irq 5 global_irq 5 high level)
Jan 28 02:39:15 ubuntu-host kernel: [    0.000000] ACPI: INT_SRC_OVR (bus 0 bus_irq 9 global_irq 9 high level)
Jan 28 02:39:15 ubuntu-host kernel: [    0.000000] ACPI: INT_SRC_OVR (bus 0 bus_irq 10 global_irq 10 high level)
Jan 28 02:39:15 ubuntu-host kernel: [    0.000000] ACPI: INT_SRC_OVR (bus 0 bus_irq 11 global_irq 11 high level)
Jan 28 02:39:15 ubuntu-host kernel: [    0.000000] ACPI: IRQ0 used by override.
Jan 28 02:39:15 ubuntu-host kernel: [    0.000000] ACPI: IRQ2 used by override.
Jan 28 02:39:15 ubuntu-host kernel: [    0.000000] ACPI: IRQ5 used by override.
Jan 28 02:39:15 ubuntu-host kernel: [    0.000000] ACPI: IRQ9 used by override.
Jan 28 02:39:15 ubuntu-host kernel: [    0.000000] ACPI: IRQ10 used by override.
Jan 28 02:39:15 ubuntu-host kernel: [    0.000000] ACPI: IRQ11 used by override.
Jan 28 02:39:15 ubuntu-host kernel: [    0.000000] Using ACPI (MADT) for SMP configuration information
Jan 28 02:39:15 ubuntu-host kernel: [    0.000000] ACPI: HPET id: 0x8086a201 base: 0xfed00000
Jan 28 02:39:15 ubuntu-host kernel: [    0.000000] smpboot: Allowing 1 CPUs, 0 hotplug CPUs
Jan 28 02:39:15 ubuntu-host kernel: [    0.000000] nr_irqs_gsi: 40
Jan 28 02:39:15 ubuntu-host kernel: [    0.000000] PM: Registered nosave memory: [mem 0x0009f000-0x0009ffff]
Jan 28 02:39:15 ubuntu-host kernel: [    0.000000] PM: Registered nosave memory: [mem 0x000a0000-0x000effff]
Jan 28 02:39:15 ubuntu-host kernel: [    0.000000] PM: Registered nosave memory: [mem 0x000f0000-0x000fffff]
Jan 28 02:39:15 ubuntu-host kernel: [    0.000000] e820: [mem 0x20000000-0xfeffbfff] available for PCI devices
Jan 28 02:39:15 ubuntu-host kernel: [    0.000000] Booting paravirtualized kernel on KVM
Jan 28 02:39:15 ubuntu-host kernel: [    0.000000] setup_percpu: NR_CPUS:256 nr_cpumask_bits:256 nr_cpu_ids:1 nr_node_ids:1
Jan 28 02:39:15 ubuntu-host kernel: [    0.000000] PERCPU: Embedded 29 pages/cpu @ffff88001fc00000 s86336 r8192 d24256 u2097152
Jan 28 02:39:15 ubuntu-host kernel: [    0.000000] pcpu-alloc: s86336 r8192 d24256 u2097152 alloc=1*2097152
Jan 28 02:39:15 ubuntu-host kernel: [    0.000000] pcpu-alloc: [0] 0 
Jan 28 02:39:15 ubuntu-host kernel: [    0.000000] kvm-clock: cpu 0, msr 0:1ffd7001, primary cpu clock
Jan 28 02:39:15 ubuntu-host kernel: [    0.000000] KVM setup async PF for cpu 0
Jan 28 02:39:15 ubuntu-host kernel: [    0.000000] kvm-stealtime: cpu 0, msr 1fc0dfc0
Jan 28 02:39:15 ubuntu-host kernel: [    0.000000] Built 1 zonelists in Node order, mobility grouping on.  Total pages: 128873
Jan 28 02:39:15 ubuntu-host kernel: [    0.000000] Policy zone: DMA32
Jan 28 02:39:15 ubuntu-host kernel: [    0.000000] Kernel command line: BOOT_IMAGE=/vmlinuz-3.13.0-24-generic root=/dev/mapper/ubuntu--host--vg-root ro
Jan 28 02:39:15 ubuntu-host kernel: [    0.000000] PID hash table entries: 2048 (order: 2, 16384 bytes)
Jan 28 02:39:15 ubuntu-host kernel: [    0.000000] xsave: enabled xstate_bv 0x7, cntxt size 0x340
Jan 28 02:39:15 ubuntu-host kernel: [    0.000000] Checking aperture...
Jan 28 02:39:15 ubuntu-host kernel: [    0.000000] No AGP bridge found
Jan 28 02:39:15 ubuntu-host kernel: [    0.000000] Calgary: detecting Calgary via BIOS EBDA area
Jan 28 02:39:15 ubuntu-host kernel: [    0.000000] Calgary: Unable to locate Rio Grande table in EBDA - bailing!
Jan 28 02:39:15 ubuntu-host kernel: [    0.000000] Memory: 479340K/523768K available (7338K kernel code, 1138K rwdata, 3388K rodata, 1332K init, 1440K bss, 44428K reserved)
Jan 28 02:39:15 ubuntu-host kernel: [    0.000000] SLUB: HWalign=64, Order=0-3, MinObjects=0, CPUs=1, Nodes=1
Jan 28 02:39:15 ubuntu-host kernel: [    0.000000] Hierarchical RCU implementation.
Jan 28 02:39:15 ubuntu-host kernel: [    0.000000] 	RCU dyntick-idle grace-period acceleration is enabled.
Jan 28 02:39:15 ubuntu-host kernel: [    0.000000] 	RCU restricting CPUs from NR_CPUS=256 to nr_cpu_ids=1.
Jan 28 02:39:15 ubuntu-host kernel: [    0.000000] 	Offload RCU callbacks from all CPUs
Jan 28 02:39:15 ubuntu-host kernel: [    0.000000] 	Offload RCU callbacks from CPUs: 0.
Jan 28 02:39:15 ubuntu-host kernel: [    0.000000] NR_IRQS:16640 nr_irqs:256 16
Jan 28 02:39:15 ubuntu-host kernel: [    0.000000] Console: colour dummy device 80x25
Jan 28 02:39:15 ubuntu-host kernel: [    0.000000] console [tty0] enabled
Jan 28 02:39:15 ubuntu-host kernel: [    0.000000] allocated 2097152 bytes of page_cgroup
Jan 28 02:39:15 ubuntu-host kernel: [    0.000000] please try 'cgroup_disable=memory' option if you don't want memory cgroups
Jan 28 02:39:15 ubuntu-host kernel: [    0.000000] hpet clockevent registered
Jan 28 02:39:15 ubuntu-host kernel: [    0.000000] tsc: Detected 2499.804 MHz processor
Jan 28 02:39:15 ubuntu-host kernel: [    0.008000] Calibrating delay loop (skipped) preset value.. 4999.60 BogoMIPS (lpj=9999216)
Jan 28 02:39:15 ubuntu-host kernel: [    0.008000] pid_max: default: 32768 minimum: 301
Jan 28 02:39:15 ubuntu-host kernel: [    0.008000] Security Framework initialized
Jan 28 02:39:15 ubuntu-host kernel: [    0.008000] AppArmor: AppArmor initialized
Jan 28 02:39:15 ubuntu-host kernel: [    0.008000] Yama: becoming mindful.
Jan 28 02:39:15 ubuntu-host kernel: [    0.008000] Dentry cache hash table entries: 65536 (order: 7, 524288 bytes)
Jan 28 02:39:15 ubuntu-host kernel: [    0.008000] Inode-cache hash table entries: 32768 (order: 6, 262144 bytes)
Jan 28 02:39:15 ubuntu-host kernel: [    0.008000] Mount-cache hash table entries: 1024 (order: 1, 8192 bytes)
Jan 28 02:39:15 ubuntu-host kernel: [    0.008000] Mountpoint-cache hash table entries: 1024 (order: 1, 8192 bytes)
Jan 28 02:39:15 ubuntu-host kernel: [    0.008000] Initializing cgroup subsys memory
Jan 28 02:39:15 ubuntu-host kernel: [    0.008000] Initializing cgroup subsys devices
Jan 28 02:39:15 ubuntu-host kernel: [    0.008000] Initializing cgroup subsys freezer
Jan 28 02:39:15 ubuntu-host kernel: [    0.008000] Initializing cgroup subsys blkio
Jan 28 02:39:15 ubuntu-host kernel: [    0.008000] Initializing cgroup subsys perf_event
Jan 28 02:39:15 ubuntu-host kernel: [    0.008000] Initializing cgroup subsys hugetlb
Jan 28 02:39:15 ubuntu-host kernel: [    0.008000] mce: CPU supports 10 MCE banks
Jan 28 02:39:15 ubuntu-host kernel: [    0.008000] Last level iTLB entries: 4KB 0, 2MB 0, 4MB 0
Jan 28 02:39:15 ubuntu-host kernel: [    0.008000] Last level dTLB entries: 4KB 0, 2MB 0, 4MB 0
Jan 28 02:39:15 ubuntu-host kernel: [    0.008000] tlb_flushall_shift: 6
Jan 28 02:39:15 ubuntu-host kernel: [    0.018360] Freeing SMP alternatives memory: 32K (ffffffff81e6b000 - ffffffff81e73000)
Jan 28 02:39:15 ubuntu-host kernel: [    0.022165] ACPI: Core revision 20131115
Jan 28 02:39:15 ubuntu-host kernel: [    0.023763] ACPI: All ACPI Tables successfully acquired
Jan 28 02:39:15 ubuntu-host kernel: [    0.023798] ftrace: allocating 28408 entries in 111 pages
Jan 28 02:39:15 ubuntu-host kernel: [    0.032232] Enabling x2apic
Jan 28 02:39:15 ubuntu-host kernel: [    0.032239] Enabled x2apic
Jan 28 02:39:15 ubuntu-host kernel: [    0.032420] Switched APIC routing to physical x2apic.
Jan 28 02:39:15 ubuntu-host kernel: [    0.033369] ..TIMER: vector=0x30 apic1=0 pin1=2 apic2=-1 pin2=-1
Jan 28 02:39:15 ubuntu-host kernel: [    0.033372] smpboot: CPU0: Intel Core Processor (Haswell) (fam: 06, model: 3c, stepping: 01)
Jan 28 02:39:15 ubuntu-host kernel: [    0.033397] TSC deadline timer enabled
Jan 28 02:39:15 ubuntu-host kernel: [    0.037069] Performance Events: unsupported p6 CPU model 60 no PMU driver, software events only.
Jan 28 02:39:15 ubuntu-host kernel: [    0.038475] x86: Booted up 1 node, 1 CPUs
Jan 28 02:39:15 ubuntu-host kernel: [    0.038478] smpboot: Total of 1 processors activated (4999.60 BogoMIPS)
Jan 28 02:39:15 ubuntu-host kernel: [    0.039243] NMI watchdog: disabled (cpu0): hardware events not enabled
Jan 28 02:39:15 ubuntu-host kernel: [    0.039325] devtmpfs: initialized
Jan 28 02:39:15 ubuntu-host kernel: [    0.041156] EVM: security.selinux
Jan 28 02:39:15 ubuntu-host kernel: [    0.041158] EVM: security.SMACK64
Jan 28 02:39:15 ubuntu-host kernel: [    0.041159] EVM: security.ima
Jan 28 02:39:15 ubuntu-host kernel: [    0.041160] EVM: security.capability
Jan 28 02:39:15 ubuntu-host kernel: [    0.041859] pinctrl core: initialized pinctrl subsystem
Jan 28 02:39:15 ubuntu-host kernel: [    0.041914] regulator-dummy: no parameters
Jan 28 02:39:15 ubuntu-host kernel: [    0.042008] RTC time:  7:39:05, date: 01/28/15
Jan 28 02:39:15 ubuntu-host kernel: [    0.042045] NET: Registered protocol family 16
Jan 28 02:39:15 ubuntu-host kernel: [    0.042140] cpuidle: using governor ladder
Jan 28 02:39:15 ubuntu-host kernel: [    0.042142] cpuidle: using governor menu
Jan 28 02:39:15 ubuntu-host kernel: [    0.042171] ACPI: bus type PCI registered
Jan 28 02:39:15 ubuntu-host kernel: [    0.042173] acpiphp: ACPI Hot Plug PCI Controller Driver version: 0.5
Jan 28 02:39:15 ubuntu-host kernel: [    0.042258] PCI: Using configuration type 1 for base access
Jan 28 02:39:15 ubuntu-host kernel: [    0.042813] bio: create slab <bio-0> at 0
Jan 28 02:39:15 ubuntu-host kernel: [    0.042904] ACPI: Added _OSI(Module Device)
Jan 28 02:39:15 ubuntu-host kernel: [    0.042906] ACPI: Added _OSI(Processor Device)
Jan 28 02:39:15 ubuntu-host kernel: [    0.042908] ACPI: Added _OSI(3.0 _SCP Extensions)
Jan 28 02:39:15 ubuntu-host kernel: [    0.042909] ACPI: Added _OSI(Processor Aggregator Device)
Jan 28 02:39:15 ubuntu-host kernel: [    0.044534] ACPI: Interpreter enabled
Jan 28 02:39:15 ubuntu-host kernel: [    0.044539] ACPI Exception: AE_NOT_FOUND, While evaluating Sleep State [\_S1_] (20131115/hwxface-580)
Jan 28 02:39:15 ubuntu-host kernel: [    0.044543] ACPI Exception: AE_NOT_FOUND, While evaluating Sleep State [\_S2_] (20131115/hwxface-580)
Jan 28 02:39:15 ubuntu-host kernel: [    0.044551] ACPI: (supports S0 S3 S4 S5)
Jan 28 02:39:15 ubuntu-host kernel: [    0.044553] ACPI: Using IOAPIC for interrupt routing
Jan 28 02:39:15 ubuntu-host kernel: [    0.044563] PCI: Using host bridge windows from ACPI; if necessary, use "pci=nocrs" and report a bug
Jan 28 02:39:15 ubuntu-host kernel: [    0.045773] ACPI: No dock devices found.
Jan 28 02:39:15 ubuntu-host kernel: [    0.051942] ACPI: PCI Root Bridge [PCI0] (domain 0000 [bus 00-ff])
Jan 28 02:39:15 ubuntu-host kernel: [    0.051947] acpi PNP0A03:00: _OSC: OS supports [ASPM ClockPM Segments MSI]
Jan 28 02:39:15 ubuntu-host kernel: [    0.051951] acpi PNP0A03:00: _OSC failed (AE_NOT_FOUND); disabling ASPM
Jan 28 02:39:15 ubuntu-host kernel: [    0.052000] acpi PNP0A03:00: fail to add MMCONFIG information, can't access extended PCI configuration space under this bridge.
Jan 28 02:39:15 ubuntu-host kernel: [    0.052228] acpiphp: Slot [9] registered
Jan 28 02:39:15 ubuntu-host kernel: [    0.052245] acpiphp: Slot [10] registered
Jan 28 02:39:15 ubuntu-host kernel: [    0.052261] acpiphp: Slot [11] registered
Jan 28 02:39:15 ubuntu-host kernel: [    0.052276] acpiphp: Slot [12] registered
Jan 28 02:39:15 ubuntu-host kernel: [    0.052292] acpiphp: Slot [13] registered
Jan 28 02:39:15 ubuntu-host kernel: [    0.052308] acpiphp: Slot [14] registered
Jan 28 02:39:15 ubuntu-host kernel: [    0.052323] acpiphp: Slot [15] registered
Jan 28 02:39:15 ubuntu-host kernel: [    0.052338] acpiphp: Slot [16] registered
Jan 28 02:39:15 ubuntu-host kernel: [    0.052354] acpiphp: Slot [17] registered
Jan 28 02:39:15 ubuntu-host kernel: [    0.052369] acpiphp: Slot [18] registered
Jan 28 02:39:15 ubuntu-host kernel: [    0.052384] acpiphp: Slot [19] registered
Jan 28 02:39:15 ubuntu-host kernel: [    0.052399] acpiphp: Slot [20] registered
Jan 28 02:39:15 ubuntu-host kernel: [    0.052417] acpiphp: Slot [21] registered
Jan 28 02:39:15 ubuntu-host kernel: [    0.052433] acpiphp: Slot [22] registered
Jan 28 02:39:15 ubuntu-host kernel: [    0.052449] acpiphp: Slot [23] registered
Jan 28 02:39:15 ubuntu-host kernel: [    0.052464] acpiphp: Slot [24] registered
Jan 28 02:39:15 ubuntu-host kernel: [    0.052479] acpiphp: Slot [25] registered
Jan 28 02:39:15 ubuntu-host kernel: [    0.052494] acpiphp: Slot [26] registered
Jan 28 02:39:15 ubuntu-host kernel: [    0.052512] acpiphp: Slot [27] registered
Jan 28 02:39:15 ubuntu-host kernel: [    0.052527] acpiphp: Slot [28] registered
Jan 28 02:39:15 ubuntu-host kernel: [    0.052543] acpiphp: Slot [29] registered
Jan 28 02:39:15 ubuntu-host kernel: [    0.052558] acpiphp: Slot [30] registered
Jan 28 02:39:15 ubuntu-host kernel: [    0.052586] acpiphp: Slot [31] registered
Jan 28 02:39:15 ubuntu-host kernel: [    0.052667] PCI host bridge to bus 0000:00
Jan 28 02:39:15 ubuntu-host kernel: [    0.052670] pci_bus 0000:00: root bus resource [bus 00-ff]
Jan 28 02:39:15 ubuntu-host kernel: [    0.052672] pci_bus 0000:00: root bus resource [io  0x0000-0x0cf7]
Jan 28 02:39:15 ubuntu-host kernel: [    0.052674] pci_bus 0000:00: root bus resource [io  0x0d00-0xadff]
Jan 28 02:39:15 ubuntu-host kernel: [    0.052676] pci_bus 0000:00: root bus resource [io  0xae0f-0xaeff]
Jan 28 02:39:15 ubuntu-host kernel: [    0.052678] pci_bus 0000:00: root bus resource [io  0xaf20-0xafdf]
Jan 28 02:39:15 ubuntu-host kernel: [    0.052680] pci_bus 0000:00: root bus resource [io  0xafe4-0xffff]
Jan 28 02:39:15 ubuntu-host kernel: [    0.052682] pci_bus 0000:00: root bus resource [mem 0x000a0000-0x000bffff]
Jan 28 02:39:15 ubuntu-host kernel: [    0.052684] pci_bus 0000:00: root bus resource [mem 0x20000000-0xfebfffff]
Jan 28 02:39:15 ubuntu-host kernel: [    0.052726] pci 0000:00:00.0: [8086:1237] type 00 class 0x060000
Jan 28 02:39:15 ubuntu-host kernel: [    0.053074] pci 0000:00:01.0: [8086:7000] type 00 class 0x060100
Jan 28 02:39:15 ubuntu-host kernel: [    0.053525] pci 0000:00:01.1: [8086:7010] type 00 class 0x010180
Jan 28 02:39:15 ubuntu-host kernel: [    0.060774] pci 0000:00:01.1: reg 0x20: [io  0x6140-0x614f]
Jan 28 02:39:15 ubuntu-host kernel: [    0.063806] pci 0000:00:01.3: [8086:7113] type 00 class 0x068000
Jan 28 02:39:15 ubuntu-host kernel: [    0.064159] pci 0000:00:01.3: quirk: [io  0x0600-0x063f] claimed by PIIX4 ACPI
Jan 28 02:39:15 ubuntu-host kernel: [    0.064170] pci 0000:00:01.3: quirk: [io  0x0700-0x070f] claimed by PIIX4 SMB
Jan 28 02:39:15 ubuntu-host kernel: [    0.064354] pci 0000:00:02.0: [1234:1111] type 00 class 0x030000
Jan 28 02:39:15 ubuntu-host kernel: [    0.067609] pci 0000:00:02.0: reg 0x10: [mem 0xfc000000-0xfcffffff pref]
Jan 28 02:39:15 ubuntu-host kernel: [    0.072009] pci 0000:00:02.0: reg 0x18: [mem 0xfea12000-0xfea12fff]
Jan 28 02:39:15 ubuntu-host kernel: [    0.082904] pci 0000:00:02.0: reg 0x30: [mem 0xfea00000-0xfea0ffff pref]
Jan 28 02:39:15 ubuntu-host kernel: [    0.083102] pci 0000:00:03.0: [1b36:0001] type 01 class 0x060400
Jan 28 02:39:15 ubuntu-host kernel: [    0.085495] pci 0000:00:03.0: reg 0x10: [mem 0xfea13000-0xfea130ff 64bit]
Jan 28 02:39:15 ubuntu-host kernel: [    0.088503] pci 0000:00:04.0: [1b36:0001] type 01 class 0x060400
Jan 28 02:39:15 ubuntu-host kernel: [    0.091495] pci 0000:00:04.0: reg 0x10: [mem 0xfea14000-0xfea140ff 64bit]
Jan 28 02:39:15 ubuntu-host kernel: [    0.093983] pci 0000:00:05.0: [1b36:0001] type 01 class 0x060400
Jan 28 02:39:15 ubuntu-host kernel: [    0.096006] pci 0000:00:05.0: reg 0x10: [mem 0xfea15000-0xfea150ff 64bit]
Jan 28 02:39:15 ubuntu-host kernel: [    0.099300] pci 0000:00:06.0: [1b36:0001] type 01 class 0x060400
Jan 28 02:39:15 ubuntu-host kernel: [    0.101411] pci 0000:00:06.0: reg 0x10: [mem 0xfea16000-0xfea160ff 64bit]
Jan 28 02:39:15 ubuntu-host kernel: [    0.104497] pci 0000:00:07.0: [1b36:0001] type 01 class 0x060400
Jan 28 02:39:15 ubuntu-host kernel: [    0.107367] pci 0000:00:07.0: reg 0x10: [mem 0xfea17000-0xfea170ff 64bit]
Jan 28 02:39:15 ubuntu-host kernel: [    0.109831] pci 0000:00:08.0: [8086:7020] type 00 class 0x0c0300
Jan 28 02:39:15 ubuntu-host kernel: [    0.116737] pci 0000:00:08.0: reg 0x20: [io  0x6100-0x611f]
Jan 28 02:39:15 ubuntu-host kernel: [    0.119774] pci 0000:00:09.0: [1af4:1003] type 00 class 0x078000
Jan 28 02:39:15 ubuntu-host kernel: [    0.121421] pci 0000:00:09.0: reg 0x10: [io  0x6120-0x613f]
Jan 28 02:39:15 ubuntu-host kernel: [    0.124006] pci 0000:00:09.0: reg 0x14: [mem 0xfea18000-0xfea18fff]
Jan 28 02:39:15 ubuntu-host kernel: [    0.137614] pci 0000:00:0a.0: [1000:0012] type 00 class 0x010000
Jan 28 02:39:15 ubuntu-host kernel: [    0.140006] pci 0000:00:0a.0: reg 0x10: [io  0x6000-0x60ff]
Jan 28 02:39:15 ubuntu-host kernel: [    0.144005] pci 0000:00:0a.0: reg 0x14: [mem 0xfea19000-0xfea193ff]
Jan 28 02:39:15 ubuntu-host kernel: [    0.148005] pci 0000:00:0a.0: reg 0x18: [mem 0xfea10000-0xfea11fff]
Jan 28 02:39:15 ubuntu-host kernel: [    0.165331] acpiphp: Slot [0] registered
Jan 28 02:39:15 ubuntu-host kernel: [    0.165353] acpiphp: Slot [1] registered
Jan 28 02:39:15 ubuntu-host kernel: [    0.165392] acpiphp: Slot [2] registered
Jan 28 02:39:15 ubuntu-host kernel: [    0.165412] acpiphp: Slot [3-2] registered
Jan 28 02:39:15 ubuntu-host kernel: [    0.165430] acpiphp: Slot [4-2] registered
Jan 28 02:39:15 ubuntu-host kernel: [    0.165448] acpiphp: Slot [5-2] registered
Jan 28 02:39:15 ubuntu-host kernel: [    0.165468] acpiphp: Slot [6-2] registered
Jan 28 02:39:15 ubuntu-host kernel: [    0.165487] acpiphp: Slot [7-2] registered
Jan 28 02:39:15 ubuntu-host kernel: [    0.165502] acpiphp: Slot [8] registered
Jan 28 02:39:15 ubuntu-host kernel: [    0.165520] acpiphp: Slot [9-2] registered
Jan 28 02:39:15 ubuntu-host kernel: [    0.165538] acpiphp: Slot [10-2] registered
Jan 28 02:39:15 ubuntu-host kernel: [    0.165556] acpiphp: Slot [11-2] registered
Jan 28 02:39:15 ubuntu-host kernel: [    0.165573] acpiphp: Slot [12-2] registered
Jan 28 02:39:15 ubuntu-host kernel: [    0.165606] acpiphp: Slot [13-2] registered
Jan 28 02:39:15 ubuntu-host kernel: [    0.165624] acpiphp: Slot [14-2] registered
Jan 28 02:39:15 ubuntu-host kernel: [    0.165642] acpiphp: Slot [15-2] registered
Jan 28 02:39:15 ubuntu-host kernel: [    0.165660] acpiphp: Slot [16-2] registered
Jan 28 02:39:15 ubuntu-host kernel: [    0.165680] acpiphp: Slot [17-2] registered
Jan 28 02:39:15 ubuntu-host kernel: [    0.165716] acpiphp: Slot [18-2] registered
Jan 28 02:39:15 ubuntu-host kernel: [    0.165733] acpiphp: Slot [19-2] registered
Jan 28 02:39:15 ubuntu-host kernel: [    0.165752] acpiphp: Slot [20-2] registered
Jan 28 02:39:15 ubuntu-host kernel: [    0.165770] acpiphp: Slot [21-2] registered
Jan 28 02:39:15 ubuntu-host kernel: [    0.165787] acpiphp: Slot [22-2] registered
Jan 28 02:39:15 ubuntu-host kernel: [    0.165816] acpiphp: Slot [23-2] registered
Jan 28 02:39:15 ubuntu-host kernel: [    0.165833] acpiphp: Slot [24-2] registered
Jan 28 02:39:15 ubuntu-host kernel: [    0.165850] acpiphp: Slot [25-2] registered
Jan 28 02:39:15 ubuntu-host kernel: [    0.165868] acpiphp: Slot [26-2] registered
Jan 28 02:39:15 ubuntu-host kernel: [    0.165885] acpiphp: Slot [27-2] registered
Jan 28 02:39:15 ubuntu-host kernel: [    0.165905] acpiphp: Slot [28-2] registered
Jan 28 02:39:15 ubuntu-host kernel: [    0.165929] acpiphp: Slot [29-2] registered
Jan 28 02:39:15 ubuntu-host kernel: [    0.165947] acpiphp: Slot [30-2] registered
Jan 28 02:39:15 ubuntu-host kernel: [    0.165968] acpiphp: Slot [31-2] registered
Jan 28 02:39:15 ubuntu-host kernel: [    0.166193] pci 0000:00:03.0: PCI bridge to [bus 01]
Jan 28 02:39:15 ubuntu-host kernel: [    0.166208] pci 0000:00:03.0:   bridge window [io  0x5000-0x5fff]
Jan 28 02:39:15 ubuntu-host kernel: [    0.166222] pci 0000:00:03.0:   bridge window [mem 0xfe800000-0xfe9fffff]
Jan 28 02:39:15 ubuntu-host kernel: [    0.166255] pci 0000:00:03.0:   bridge window [mem 0xfd800000-0xfd9fffff 64bit pref]
Jan 28 02:39:15 ubuntu-host kernel: [    0.168065] acpiphp: Slot [0-2] registered
Jan 28 02:39:15 ubuntu-host kernel: [    0.168087] acpiphp: Slot [1-2] registered
Jan 28 02:39:15 ubuntu-host kernel: [    0.168107] acpiphp: Slot [2-2] registered
Jan 28 02:39:15 ubuntu-host kernel: [    0.168125] acpiphp: Slot [3-3] registered
Jan 28 02:39:15 ubuntu-host kernel: [    0.168145] acpiphp: Slot [4-3] registered
Jan 28 02:39:15 ubuntu-host kernel: [    0.168165] acpiphp: Slot [5-3] registered
Jan 28 02:39:15 ubuntu-host kernel: [    0.168183] acpiphp: Slot [6-3] registered
Jan 28 02:39:15 ubuntu-host kernel: [    0.168212] acpiphp: Slot [7-3] registered
Jan 28 02:39:15 ubuntu-host kernel: [    0.168230] acpiphp: Slot [8-2] registered
Jan 28 02:39:15 ubuntu-host kernel: [    0.168249] acpiphp: Slot [9-3] registered
Jan 28 02:39:15 ubuntu-host kernel: [    0.168267] acpiphp: Slot [10-3] registered
